ARM Linker, 5.03 [Build 76] [MDK-ARM Standard]

==============================================================================

Section Cross References

    startup_stm32f10x_cl.o(STACK) refers (Special) to heapauxi.o(.text) for __use_two_region_memory
    startup_stm32f10x_cl.o(HEAP) refers (Special) to heapauxi.o(.text) for __use_two_region_memory
    startup_stm32f10x_cl.o(RESET) refers (Special) to heapauxi.o(.text) for __use_two_region_memory
    startup_stm32f10x_cl.o(RESET) refers to startup_stm32f10x_cl.o(STACK) for __initial_sp
    startup_stm32f10x_cl.o(RESET) refers to startup_stm32f10x_cl.o(.text) for Reset_Handler
    startup_stm32f10x_cl.o(RESET) refers to stm32f10x_it.o(i.NMI_Handler) for NMI_Handler
    startup_stm32f10x_cl.o(RESET) refers to stm32f10x_it.o(i.HardFault_Handler) for HardFault_Handler
    startup_stm32f10x_cl.o(RESET) refers to stm32f10x_it.o(i.MemManage_Handler) for MemManage_Handler
    startup_stm32f10x_cl.o(RESET) refers to stm32f10x_it.o(i.BusFault_Handler) for BusFault_Handler
    startup_stm32f10x_cl.o(RESET) refers to stm32f10x_it.o(i.UsageFault_Handler) for UsageFault_Handler
    startup_stm32f10x_cl.o(RESET) refers to stm32f10x_it.o(i.SVC_Handler) for SVC_Handler
    startup_stm32f10x_cl.o(RESET) refers to stm32f10x_it.o(i.DebugMon_Handler) for DebugMon_Handler
    startup_stm32f10x_cl.o(RESET) refers to stm32f10x_it.o(i.PendSV_Handler) for PendSV_Handler
    startup_stm32f10x_cl.o(RESET) refers to stm32f10x_it.o(i.SysTick_Handler) for SysTick_Handler
    startup_stm32f10x_cl.o(RESET) refers to timer.o(i.TIM2_IRQHandler) for TIM2_IRQHandler
    startup_stm32f10x_cl.o(RESET) refers to timer.o(i.TIM3_IRQHandler) for TIM3_IRQHandler
    startup_stm32f10x_cl.o(RESET) refers to usart2.o(i.USART2_IRQHandler) for USART2_IRQHandler
    startup_stm32f10x_cl.o(.text) refers (Special) to heapauxi.o(.text) for __use_two_region_memory
    startup_stm32f10x_cl.o(.text) refers to system_stm32f10x.o(i.SystemInit) for SystemInit
    startup_stm32f10x_cl.o(.text) refers to __main.o(!!!main) for __main
    startup_stm32f10x_cl.o(.text) refers to startup_stm32f10x_cl.o(HEAP) for Heap_Mem
    startup_stm32f10x_cl.o(.text) refers to startup_stm32f10x_cl.o(STACK) for Stack_Mem
    system_stm32f10x.o(i.SetSysClock) refers to system_stm32f10x.o(i.SetSysClockTo72) for SetSysClockTo72
    system_stm32f10x.o(i.SystemCoreClockUpdate) refers to system_stm32f10x.o(.data) for SystemCoreClock
    system_stm32f10x.o(i.SystemInit) refers to system_stm32f10x.o(i.SetSysClock) for SetSysClock
    stm32f10x_gpio.o(i.GPIO_AFIODeInit) refers to stm32f10x_rcc.o(i.RCC_APB2PeriphResetCmd) for RCC_APB2PeriphResetCmd
    stm32f10x_gpio.o(i.GPIO_DeInit) refers to stm32f10x_rcc.o(i.RCC_APB2PeriphResetCmd) for RCC_APB2PeriphResetCmd
    stm32f10x_rcc.o(i.RCC_GetClocksFreq) refers to stm32f10x_rcc.o(.data) for APBAHBPrescTable
    stm32f10x_rcc.o(i.RCC_WaitForHSEStartUp) refers to stm32f10x_rcc.o(i.RCC_GetFlagStatus) for RCC_GetFlagStatus
    stm32f10x_tim.o(i.TIM_DeInit) refers to stm32f10x_rcc.o(i.RCC_APB2PeriphResetCmd) for RCC_APB2PeriphResetCmd
    stm32f10x_tim.o(i.TIM_DeInit) refers to stm32f10x_rcc.o(i.RCC_APB1PeriphResetCmd) for RCC_APB1PeriphResetCmd
    stm32f10x_tim.o(i.TIM_ETRClockMode1Config) refers to stm32f10x_tim.o(i.TIM_ETRConfig) for TIM_ETRConfig
    stm32f10x_tim.o(i.TIM_ETRClockMode2Config) refers to stm32f10x_tim.o(i.TIM_ETRConfig) for TIM_ETRConfig
    stm32f10x_tim.o(i.TIM_ICInit) refers to stm32f10x_tim.o(i.TI1_Config) for TI1_Config
    stm32f10x_tim.o(i.TIM_ICInit) refers to stm32f10x_tim.o(i.TIM_SetIC1Prescaler) for TIM_SetIC1Prescaler
    stm32f10x_tim.o(i.TIM_ICInit) refers to stm32f10x_tim.o(i.TI2_Config) for TI2_Config
    stm32f10x_tim.o(i.TIM_ICInit) refers to stm32f10x_tim.o(i.TIM_SetIC2Prescaler) for TIM_SetIC2Prescaler
    stm32f10x_tim.o(i.TIM_ICInit) refers to stm32f10x_tim.o(i.TI3_Config) for TI3_Config
    stm32f10x_tim.o(i.TIM_ICInit) refers to stm32f10x_tim.o(i.TIM_SetIC3Prescaler) for TIM_SetIC3Prescaler
    stm32f10x_tim.o(i.TIM_ICInit) refers to stm32f10x_tim.o(i.TI4_Config) for TI4_Config
    stm32f10x_tim.o(i.TIM_ICInit) refers to stm32f10x_tim.o(i.TIM_SetIC4Prescaler) for TIM_SetIC4Prescaler
    stm32f10x_tim.o(i.TIM_ITRxExternalClockConfig) refers to stm32f10x_tim.o(i.TIM_SelectInputTrigger) for TIM_SelectInputTrigger
    stm32f10x_tim.o(i.TIM_PWMIConfig) refers to stm32f10x_tim.o(i.TI1_Config) for TI1_Config
    stm32f10x_tim.o(i.TIM_PWMIConfig) refers to stm32f10x_tim.o(i.TIM_SetIC1Prescaler) for TIM_SetIC1Prescaler
    stm32f10x_tim.o(i.TIM_PWMIConfig) refers to stm32f10x_tim.o(i.TI2_Config) for TI2_Config
    stm32f10x_tim.o(i.TIM_PWMIConfig) refers to stm32f10x_tim.o(i.TIM_SetIC2Prescaler) for TIM_SetIC2Prescaler
    stm32f10x_tim.o(i.TIM_TIxExternalClockConfig) refers to stm32f10x_tim.o(i.TI2_Config) for TI2_Config
[...]
    Removing stm32f10x_rcc.o(i.RCC_OTGFSCLKConfig), (12 bytes).
    Removing stm32f10x_rcc.o(i.RCC_PCLK1Config), (24 bytes).
    Removing stm32f10x_rcc.o(i.RCC_PCLK2Config), (24 bytes).
    Removing stm32f10x_rcc.o(i.RCC_PLL2Cmd), (12 bytes).
    Removing stm32f10x_rcc.o(i.RCC_PLL2Config), (24 bytes).
    Removing stm32f10x_rcc.o(i.RCC_PLL3Cmd), (12 bytes).
    Removing stm32f10x_rcc.o(i.RCC_PLL3Config), (24 bytes).
    Removing stm32f10x_rcc.o(i.RCC_PLLCmd), (12 bytes).
    Removing stm32f10x_rcc.o(i.RCC_PLLConfig), (28 bytes).
    Removing stm32f10x_rcc.o(i.RCC_PREDIV1Config), (32 bytes).
    Removing stm32f10x_rcc.o(i.RCC_PREDIV2Config), (24 bytes).
    Removing stm32f10x_rcc.o(i.RCC_RTCCLKCmd), (12 bytes).
    Removing stm32f10x_rcc.o(i.RCC_RTCCLKConfig), (16 bytes).
    Removing stm32f10x_rcc.o(i.RCC_SYSCLKConfig), (24 bytes).
    Removing stm32f10x_rcc.o(i.RCC_WaitForHSEStartUp), (56 bytes).
    Removing stm32f10x_tim.o(i.TI1_Config), (128 bytes).
    Removing stm32f10x_tim.o(i.TI2_Config), (152 bytes).
    Removing stm32f10x_tim.o(i.TI3_Config), (144 bytes).
    Removing stm32f10x_tim.o(i.TI4_Config), (152 bytes).
    Removing stm32f10x_tim.o(i.TIM_ARRPreloadConfig), (24 bytes).
    Removing stm32f10x_tim.o(i.TIM_BDTRConfig), (32 bytes).
    Removing stm32f10x_tim.o(i.TIM_BDTRStructInit), (18 bytes).
    Removing stm32f10x_tim.o(i.TIM_CCPreloadControl), (24 bytes).
    Removing stm32f10x_tim.o(i.TIM_CCxCmd), (30 bytes).
    Removing stm32f10x_tim.o(i.TIM_CCxNCmd), (30 bytes).
    Removing stm32f10x_tim.o(i.TIM_ClearFlag), (6 bytes).
    Removing stm32f10x_tim.o(i.TIM_ClearOC1Ref), (18 bytes).
    Removing stm32f10x_tim.o(i.TIM_ClearOC2Ref), (24 bytes).
    Removing stm32f10x_tim.o(i.TIM_ClearOC3Ref), (18 bytes).
    Removing stm32f10x_tim.o(i.TIM_ClearOC4Ref), (24 bytes).
    Removing stm32f10x_tim.o(i.TIM_CounterModeConfig), (18 bytes).
    Removing stm32f10x_tim.o(i.TIM_CtrlPWMOutputs), (30 bytes).
    Removing stm32f10x_tim.o(i.TIM_DMACmd), (18 bytes).
    Removing stm32f10x_tim.o(i.TIM_DMAConfig), (10 bytes).
    Removing stm32f10x_tim.o(i.TIM_DeInit), (488 bytes).
    Removing stm32f10x_tim.o(i.TIM_ETRClockMode1Config), (54 bytes).
    Removing stm32f10x_tim.o(i.TIM_ETRClockMode2Config), (32 bytes).
    Removing stm32f10x_tim.o(i.TIM_ETRConfig), (28 bytes).
    Removing stm32f10x_tim.o(i.TIM_EncoderInterfaceConfig), (66 bytes).
    Removing stm32f10x_tim.o(i.TIM_ForcedOC1Config), (18 bytes).
    Removing stm32f10x_tim.o(i.TIM_ForcedOC2Config), (26 bytes).
    Removing stm32f10x_tim.o(i.TIM_ForcedOC3Config), (18 bytes).
    Removing stm32f10x_tim.o(i.TIM_ForcedOC4Config), (26 bytes).
    Removing stm32f10x_tim.o(i.TIM_GenerateEvent), (4 bytes).
    Removing stm32f10x_tim.o(i.TIM_GetCapture1), (6 bytes).
    Removing stm32f10x_tim.o(i.TIM_GetCapture2), (6 bytes).
    Removing stm32f10x_tim.o(i.TIM_GetCapture3), (6 bytes).
    Removing stm32f10x_tim.o(i.TIM_GetCapture4), (8 bytes).
    Removing stm32f10x_tim.o(i.TIM_GetCounter), (6 bytes).
    Removing stm32f10x_tim.o(i.TIM_GetFlagStatus), (18 bytes).
    Removing stm32f10x_tim.o(i.TIM_GetPrescaler), (6 bytes).
    Removing stm32f10x_tim.o(i.TIM_ICInit), (172 bytes).
    Removing stm32f10x_tim.o(i.TIM_ICStructInit), (18 bytes).
    Removing stm32f10x_tim.o(i.TIM_ITRxExternalClockConfig), (24 bytes).
    Removing stm32f10x_tim.o(i.TIM_InternalClockConfig), (12 bytes).
    Removing stm32f10x_tim.o(i.TIM_OC1FastConfig), (18 bytes).
    Removing stm32f10x_tim.o(i.TIM_OC1Init), (152 bytes).
    Removing stm32f10x_tim.o(i.TIM_OC1NPolarityConfig), (18 bytes).
    Removing stm32f10x_tim.o(i.TIM_OC1PolarityConfig), (18 bytes).
    Removing stm32f10x_tim.o(i.TIM_OC1PreloadConfig), (18 bytes).
    Removing stm32f10x_tim.o(i.TIM_OC2FastConfig), (26 bytes).
    Removing stm32f10x_tim.o(i.TIM_OC2Init), (164 bytes).
    Removing stm32f10x_tim.o(i.TIM_OC2NPolarityConfig), (26 bytes).
    Removing stm32f10x_tim.o(i.TIM_OC2PolarityConfig), (26 bytes).
    Removing stm32f10x_tim.o(i.TIM_OC2PreloadConfig), (26 bytes).
    Removing stm32f10x_tim.o(i.TIM_OC3FastConfig), (18 bytes).
    Removing stm32f10x_tim.o(i.TIM_OC3Init), (160 bytes).
    Removing stm32f10x_tim.o(i.TIM_OC3NPolarityConfig), (26 bytes).
    Removing stm32f10x_tim.o(i.TIM_OC3PolarityConfig), (26 bytes).
    Removing stm32f10x_tim.o(i.TIM_OC3PreloadConfig), (18 bytes).
    Removing stm32f10x_tim.o(i.TIM_OC4FastConfig), (26 bytes).
    Removing stm32f10x_tim.o(i.TIM_OC4Init), (124 bytes).
    Removing stm32f10x_tim.o(i.TIM_OC4PolarityConfig), (26 bytes).
    Removing stm32f10x_tim.o(i.TIM_OC4PreloadConfig), (26 bytes).
    Removing stm32f10x_tim.o(i.TIM_OCStructInit), (20 bytes).
    Removing stm32f10x_tim.o(i.TIM_PWMIConfig), (124 bytes).
    Removing stm32f10x_tim.o(i.TIM_PrescalerConfig), (6 bytes).
    Removing stm32f10x_tim.o(i.TIM_SelectCCDMA), (24 bytes).
    Removing stm32f10x_tim.o(i.TIM_SelectCOM), (24 bytes).
    Removing stm32f10x_tim.o(i.TIM_SelectHallSensor), (24 bytes).
    Removing stm32f10x_tim.o(i.TIM_SelectInputTrigger), (18 bytes).
    Removing stm32f10x_tim.o(i.TIM_SelectMasterSlaveMode), (18 bytes).
    Removing stm32f10x_tim.o(i.TIM_SelectOCxM), (82 bytes).
    Removing stm32f10x_tim.o(i.TIM_SelectOnePulseMode), (18 bytes).
    Removing stm32f10x_tim.o(i.TIM_SelectOutputTrigger), (18 bytes).
    Removing stm32f10x_tim.o(i.TIM_SelectSlaveMode), (18 bytes).
    Removing stm32f10x_tim.o(i.TIM_SetAutoreload), (4 bytes).
    Removing stm32f10x_tim.o(i.TIM_SetClockDivision), (18 bytes).
    Removing stm32f10x_tim.o(i.TIM_SetCompare1), (4 bytes).
    Removing stm32f10x_tim.o(i.TIM_SetCompare2), (4 bytes).
    Removing stm32f10x_tim.o(i.TIM_SetCompare3), (4 bytes).
    Removing stm32f10x_tim.o(i.TIM_SetCompare4), (6 bytes).
    Removing stm32f10x_tim.o(i.TIM_SetCounter), (4 bytes).
    Removing stm32f10x_tim.o(i.TIM_SetIC1Prescaler), (18 bytes).
    Removing stm32f10x_tim.o(i.TIM_SetIC2Prescaler), (26 bytes).
    Removing stm32f10x_tim.o(i.TIM_SetIC3Prescaler), (18 bytes).
    Removing stm32f10x_tim.o(i.TIM_SetIC4Prescaler), (26 bytes).
    Removing stm32f10x_tim.o(i.TIM_TIxExternalClockConfig), (62 bytes).
    Removing stm32f10x_tim.o(i.TIM_TimeBaseStructInit), (18 bytes).
    Removing stm32f10x_tim.o(i.TIM_UpdateDisableConfig), (24 bytes).
    Removing stm32f10x_tim.o(i.TIM_UpdateRequestConfig), (24 bytes).
    Removing stm32f10x_usart.o(i.USART_ClearITPendingBit), (30 bytes).
    Removing stm32f10x_usart.o(i.USART_ClockInit), (34 bytes).
    Removing stm32f10x_usart.o(i.USART_ClockStructInit), (12 bytes).
    Removing stm32f10x_usart.o(i.USART_HalfDuplexCmd), (24 bytes).
    Removing stm32f10x_usart.o(i.USART_IrDACmd), (24 bytes).
    Removing stm32f10x_usart.o(i.USART_IrDAConfig), (18 bytes).
    Removing stm32f10x_usart.o(i.USART_LINBreakDetectLengthConfig), (18 bytes).
    Removing stm32f10x_usart.o(i.USART_LINCmd), (24 bytes).
    Removing stm32f10x_usart.o(i.USART_OneBitMethodCmd), (24 bytes).
    Removing stm32f10x_usart.o(i.USART_OverSampling8Cmd), (22 bytes).
    Removing stm32f10x_usart.o(i.USART_ReceiverWakeUpCmd), (24 bytes).
    Removing stm32f10x_usart.o(i.USART_SendBreak), (10 bytes).
    Removing stm32f10x_usart.o(i.USART_SendData), (8 bytes).
    Removing stm32f10x_usart.o(i.USART_SetAddress), (18 bytes).
    Removing stm32f10x_usart.o(i.USART_SetGuardTime), (16 bytes).
    Removing stm32f10x_usart.o(i.USART_SetPrescaler), (16 bytes).
    Removing stm32f10x_usart.o(i.USART_SmartCardCmd), (24 bytes).
    Removing stm32f10x_usart.o(i.USART_SmartCardNACKCmd), (24 bytes).
    Removing stm32f10x_usart.o(i.USART_StructInit), (24 bytes).
    Removing stm32f10x_usart.o(i.USART_WakeUpConfig), (18 bytes).
    Removing stm32f10x_can.o(i.CAN_CancelTransmit), (48 bytes).
    Removing stm32f10x_can.o(i.CAN_ClearFlag), (56 bytes).
    Removing stm32f10x_can.o(i.CAN_ClearITPendingBit), (168 bytes).
    Removing stm32f10x_can.o(i.CAN_DBGFreeze), (22 bytes).
    Removing stm32f10x_can.o(i.CAN_FIFORelease), (22 bytes).
    Removing stm32f10x_can.o(i.CAN_GetFlagStatus), (120 bytes).
    Removing stm32f10x_can.o(i.CAN_GetITStatus), (288 bytes).
    Removing stm32f10x_can.o(i.CAN_GetLSBTransmitErrorCounter), (12 bytes).
    Removing stm32f10x_can.o(i.CAN_GetLastErrorCode), (12 bytes).
    Removing stm32f10x_can.o(i.CAN_GetReceiveErrorCounter), (10 bytes).
    Removing stm32f10x_can.o(i.CAN_ITConfig), (18 bytes).
    Removing stm32f10x_can.o(i.CAN_MessagePending), (30 bytes).
    Removing stm32f10x_can.o(i.CAN_OperatingModeRequest), (162 bytes).
    Removing stm32f10x_can.o(i.CAN_Receive), (240 bytes).
    Removing stm32f10x_can.o(i.CAN_SlaveStartBank), (52 bytes).
    Removing stm32f10x_can.o(i.CAN_Sleep), (30 bytes).
    Removing stm32f10x_can.o(i.CAN_TTComModeCmd), (118 bytes).
    Removing stm32f10x_can.o(i.CAN_TransmitStatus), (160 bytes).
    Removing stm32f10x_can.o(i.CAN_WakeUp), (48 bytes).
    Removing stm32f10x_can.o(i.CheckITStatus), (16 bytes).
    Removing main.o(i.GPIO_Configuration), (64 bytes).
    Removing usart4.o(i.Uart4_Init), (144 bytes).
    Removing akq.o(i.NMEA_GNZDA_Analysis), (112 bytes).

194 unused section(s) (total 7998 bytes) removed from the image.

==============================================================================

Image Symbol Table

    Local Symbols

    Symbol Name                              Value     Ov Type        Size  Object(Section)

    ../clib/angel/boardlib.s                 0x00000000   Number         0  boardinit3.o ABSOLUTE
    ../clib/angel/boardlib.s                 0x00000000   Number         0  boardinit2.o ABSOLUTE
    ../clib/angel/boardlib.s                 0x00000000   Number         0  boardinit1.o ABSOLUTE
    ../clib/angel/boardlib.s                 0x00000000   Number         0  boardshut.o ABSOLUTE
    ../clib/angel/handlers.s                 0x00000000   Number         0  __scatter_zi.o ABSOLUTE
    ../clib/angel/handlers.s                 0x00000000   Number         0  __scatter_copy.o ABSOLUTE
    ../clib/angel/kernel.s                   0x00000000   Number         0  rtentry4.o ABSOLUTE
    ../clib/angel/kernel.s                   0x00000000   Number         0  rtentry.o ABSOLUTE
    ../clib/angel/kernel.s                   0x00000000   Number         0  rtexit2.o ABSOLUTE
    ../clib/angel/kernel.s                   0x00000000   Number         0  rtentry2.o ABSOLUTE
    ../clib/angel/kernel.s                   0x00000000   Number         0  rtexit.o ABSOLUTE
    ../clib/angel/rt.s                       0x00000000   Number         0  rt_errno_addr.o ABSOLUTE
    ../clib/angel/rt.s                       0x00000000   Number         0  rt_raise.o ABSOLUTE
    ../clib/angel/rt.s                       0x00000000   Number         0  rt_errno_addr_intlibspace.o ABSOLUTE
    ../clib/angel/scatter.s                  0x00000000   Number         0  __scatter.o ABSOLUTE
    ../clib/angel/startup.s                  0x00000000   Number         0  __main.o ABSOLUTE
    ../clib/angel/sys.s                      0x00000000   Number         0  sys_stackheap_outer.o ABSOLUTE
    ../clib/angel/sys.s                      0x00000000   Number         0  indicate_semi.o ABSOLUTE
    ../clib/angel/sys.s                      0x00000000   Number         0  libspace.o ABSOLUTE
    ../clib/angel/sys.s                      0x00000000   Number         0  use_no_semi.o ABSOLUTE
    ../clib/angel/sysapp.c                   0x00000000   Number         0  sys_command.o ABSOLUTE
    ../clib/angel/sysapp.c                   0x00000000   Number         0  sys_exit.o ABSOLUTE
    ../clib/angel/sysapp.c                   0x00000000   Number         0  sys_wrch.o ABSOLUTE
    ../clib/armsys.c                         0x00000000   Number         0  argv_veneer.o ABSOLUTE
    ../clib/armsys.c                         0x00000000   Number         0  argv_veneer.o ABSOLUTE
    ../clib/armsys.c                         0x00000000   Number         0  _get_argv_nomalloc.o ABSOLUTE
    ../clib/armsys.c                         0x00000000   Number         0  no_argv.o ABSOLUTE
    ../clib/fenv.c                           0x00000000   Number         0  _rserrno.o ABSOLUTE
    ../clib/heapalloc.c                      0x00000000   Number         0  hrguard.o ABSOLUTE
    ../clib/heapaux.c                        0x00000000   Number         0  heapauxi.o ABSOLUTE
    ../clib/libinit.s                        0x00000000   Number         0  libinit.o ABSOLUTE
    ../clib/libinit.s                        0x00000000   Number         0  libinit2.o ABSOLUTE
    ../clib/libinit.s                        0x00000000   Number         0  libshutdown.o ABSOLUTE
    ../clib/libinit.s                        0x00000000   Number         0  libshutdown2.o ABSOLUTE
    ../clib/memcpset.s                       0x00000000   Number         0  rt_memcpy_v6.o ABSOLUTE
    ../clib/memcpset.s                       0x00000000   Number         0  rt_memclr_w.o ABSOLUTE
    ../clib/memcpset.s                       0x00000000   Number         0  rt_memcpy_w.o ABSOLUTE
    ../clib/memcpset.s                       0x00000000   Number         0  rt_memclr.o ABSOLUTE
    ../clib/signal.c                         0x00000000   Number         0  defsig_exit.o ABSOLUTE
    ../clib/signal.c                         0x00000000   Number         0  defsig_abrt_inner.o ABSOLUTE
    ../clib/signal.c                         0x00000000   Number         0  defsig_other.o ABSOLUTE
    ../clib/signal.c                         0x00000000   Number         0  defsig_fpe_inner.o ABSOLUTE
    ../clib/signal.c                         0x00000000   Number         0  defsig_rtred_inner.o ABSOLUTE
    ../clib/signal.c                         0x00000000   Number         0  defsig_rtmem_outer.o ABSOLUTE
    ../clib/signal.c                         0x00000000   Number         0  defsig_general.o ABSOLUTE
    ../clib/signal.c                         0x00000000   Number         0  defsig_stak_inner.o ABSOLUTE
    ../clib/signal.c                         0x00000000   Number         0  defsig_rtmem_inner.o ABSOLUTE
    ../clib/signal.c                         0x00000000   Number         0  defsig_rtmem_formal.o ABSOLUTE
    ../clib/signal.c                         0x00000000   Number         0  defsig_pvfn_inner.o ABSOLUTE
    ../clib/signal.c                         0x00000000   Number         0  __raise.o ABSOLUTE
    ../clib/signal.c                         0x00000000   Number         0  defsig_cppl_inner.o ABSOLUTE
    ../clib/signal.c                         0x00000000   Number         0  defsig_segv_inner.o ABSOLUTE
    ../clib/signal.s                         0x00000000   Number         0  defsig.o ABSOLUTE
    ../clib/stdlib.c                         0x00000000   Number         0  exit.o ABSOLUTE
    ../clib/string.c                         0x00000000   Number         0  strstr.o ABSOLUTE
    ../fplib/daddsub.s                       0x00000000   Number         0  daddsub_clz.o ABSOLUTE
    ../fplib/dcheck1.s                       0x00000000   Number         0  dcheck1.o ABSOLUTE
    ../fplib/ddiv.s                          0x00000000   Number         0  ddiv.o ABSOLUTE
    ../fplib/dfix.s                          0x00000000   Number         0  dfix.o ABSOLUTE
    ../fplib/dflt.s                          0x00000000   Number         0  dflt_clz.o ABSOLUTE
    ../fplib/dmul.s                          0x00000000   Number         0  dmul.o ABSOLUTE
    ../fplib/dnaninf.s                       0x00000000   Number         0  dnaninf.o ABSOLUTE
    ../fplib/dretinf.s                       0x00000000   Number         0  dretinf.o ABSOLUTE
    ../fplib/fpinit.s                        0x00000000   Number         0  fpinit.o ABSOLUTE
    ../fplib/retnan.s                        0x00000000   Number         0  retnan.o ABSOLUTE
    ../fplib/scalbn.s                        0x00000000   Number         0  scalbn.o ABSOLUTE
    ../fplib/trapv.s                         0x00000000   Number         0  trapv.o ABSOLUTE
    ../fplib/usenofp.s                       0x00000000   Number         0  usenofp.o ABSOLUTE
    ../mathlib/cos.c                         0x00000000   Number         0  cos.o ABSOLUTE
    ../mathlib/cos.c                         0x00000000   Number         0  cos_x.o ABSOLUTE
    ../mathlib/cos_i.c                       0x00000000   Number         0  cos_i.o ABSOLUTE
    ../mathlib/dunder.c                      0x00000000   Number         0  dunder.o ABSOLUTE
    ../mathlib/fpclassify.c                  0x00000000   Number         0  fpclassify.o ABSOLUTE
    ../mathlib/poly.c                        0x00000000   Number         0  poly.o ABSOLUTE
    ../mathlib/rred.c                        0x00000000   Number         0  rred.o ABSOLUTE
    ../mathlib/sin.c                         0x00000000   Number         0  sin_x.o ABSOLUTE
    ../mathlib/sin.c                         0x00000000   Number         0  sin.o ABSOLUTE
    ../mathlib/sin_i.c                       0x00000000   Number         0  sin_i.o ABSOLUTE
    ../mathlib/sin_i.c                       0x00000000   Number         0  sin_i_x.o ABSOLUTE
    ..\Libraries\CMSIS\core_cm3.c            0x00000000   Number         0  core_cm3.o ABSOLUTE
    ..\Libraries\CMSIS\startup\startup_stm32f10x_cl.s 0x00000000   Number         0  startup_stm32f10x_cl.o ABSOLUTE
    ..\Libraries\CMSIS\system_stm32f10x.c    0x00000000   Number         0  system_stm32f10x.o ABSOLUTE
    ..\Libraries\FWlib\src\misc.c            0x00000000   Number         0  misc.o ABSOLUTE
    ..\Libraries\FWlib\src\stm32f10x_can.c   0x00000000   Number         0  stm32f10x_can.o ABSOLUTE
    ..\Libraries\FWlib\src\stm32f10x_dma.c   0x00000000   Number         0  stm32f10x_dma.o ABSOLUTE
    ..\Libraries\FWlib\src\stm32f10x_gpio.c  0x00000000   Number         0  stm32f10x_gpio.o ABSOLUTE
    ..\Libraries\FWlib\src\stm32f10x_rcc.c   0x00000000   Number         0  stm32f10x_rcc.o ABSOLUTE
    ..\Libraries\FWlib\src\stm32f10x_tim.c   0x00000000   Number         0  stm32f10x_tim.o ABSOLUTE
    ..\Libraries\FWlib\src\stm32f10x_usart.c 0x00000000   Number         0  stm32f10x_usart.o ABSOLUTE
    ..\User\AKQ\akq.c                        0x00000000   Number         0  akq.o ABSOLUTE
    ..\User\CAN\can.c                        0x00000000   Number         0  can.o ABSOLUTE
    ..\User\DMA\dma.c                        0x00000000   Number         0  dma.o ABSOLUTE
    ..\User\NVIC\nvic.c                      0x00000000   Number         0  nvic.o ABSOLUTE
    ..\User\TIMER\timer.c                    0x00000000   Number         0  timer.o ABSOLUTE
    ..\User\UART4\usart4.c                   0x00000000   Number         0  usart4.o ABSOLUTE
    ..\User\USART2\usart2.c                  0x00000000   Number         0  usart2.o ABSOLUTE
    ..\User\USART3\usart3.c                  0x00000000   Number         0  usart3.o ABSOLUTE
    ..\User\main.c                           0x00000000   Number         0  main.o ABSOLUTE
    ..\User\stm32f10x_it.c                   0x00000000   Number         0  stm32f10x_it.o ABSOLUTE
    ..\\Libraries\\CMSIS\\core_cm3.c         0x00000000   Number         0  core_cm3.o ABSOLUTE
    dc.s                                     0x00000000   Number         0  dc.o ABSOLUTE
    RESET                                    0x08000000   Section      336  startup_stm32f10x_cl.o(RESET)
    !!!main                                  0x08000150   Section        8  __main.o(!!!main)
    !!!scatter                               0x08000158   Section       52  __scatter.o(!!!scatter)
    !!handler_copy                           0x0800018c   Section       26  __scatter_copy.o(!!handler_copy)
    !!handler_zi                             0x080001a8   Section       28  __scatter_zi.o(!!handler_zi)
    .ARM.Collect$$libinit$$00000000          0x080001c4   Section        2  libinit.o(.ARM.Collect$$libinit$$00000000)
    .ARM.Collect$$libinit$$00000002          0x080001c6   Section        0  libinit2.o(.ARM.Collect$$libinit$$00000002)
    .ARM.Collect$$libinit$$00000008          0x080001c6   Section        0  libinit2.o(.ARM.Collect$$libinit$$00000008)
    .ARM.Collect$$libinit$$0000000A          0x080001c6   Section        0  libinit2.o(.ARM.Collect$$libinit$$0000000A)
    .ARM.Collect$$libinit$$0000000C          0x080001c6   Section        0  libinit2.o(.ARM.Collect$$libinit$$0000000C)
    .ARM.Collect$$libinit$$0000000F          0x080001c6   Section        0  libinit2.o(.ARM.Collect$$libinit$$0000000F)
    .ARM.Collect$$libinit$$00000011          0x080001c6   Section        0  libinit2.o(.ARM.Collect$$libinit$$00000011)
    .ARM.Collect$$libinit$$00000013          0x080001c6   Section        0  libinit2.o(.ARM.Collect$$libinit$$00000013)
    .ARM.Collect$$libinit$$00000015          0x080001c6   Section        0  libinit2.o(.ARM.Collect$$libinit$$00000015)
    .ARM.Collect$$libinit$$00000017          0x080001c6   Section        0  libinit2.o(.ARM.Collect$$libinit$$00000017)
    .ARM.Collect$$libinit$$00000019          0x080001c6   Section        0  libinit2.o(.ARM.Collect$$libinit$$00000019)
    .ARM.Collect$$libinit$$0000001B          0x080001c6   Section        0  libinit2.o(.ARM.Collect$$libinit$$0000001B)
    .ARM.Collect$$libinit$$0000001D          0x080001c6   Section        0  libinit2.o(.ARM.Collect$$libinit$$0000001D)
    .ARM.Collect$$libinit$$0000001F          0x080001c6   Section        0  libinit2.o(.ARM.Collect$$libinit$$0000001F)
    .ARM.Collect$$libinit$$00000021          0x080001c6   Section        0  libinit2.o(.ARM.Collect$$libinit$$00000021)
    .ARM.Collect$$libinit$$00000023          0x080001c6   Section        0  libinit2.o(.ARM.Collect$$libinit$$00000023)
    .ARM.Collect$$libinit$$0000002A          0x080001c6   Section        0  libinit2.o(.ARM.Collect$$libinit$$0000002A)
    .ARM.Collect$$libinit$$0000002C          0x080001c6   Section        0  libinit2.o(.ARM.Collect$$libinit$$0000002C)
    .ARM.Collect$$libinit$$0000002E          0x080001c6   Section        0  libinit2.o(.ARM.Collect$$libinit$$0000002E)
    .ARM.Collect$$libinit$$00000030          0x080001c6   Section        0  libinit2.o(.ARM.Collect$$libinit$$00000030)
    .ARM.Collect$$libinit$$00000031          0x080001c6   Section        2  libinit2.o(.ARM.Collect$$libinit$$00000031)
    .ARM.Collect$$libshutdown$$00000000      0x080001c8   Section        2  libshutdown.o(.ARM.Collect$$libshutdown$$00000000)
    .ARM.Collect$$libshutdown$$00000003      0x080001ca   Section        0  libshutdown2.o(.ARM.Collect$$libshutdown$$00000003)
    .ARM.Collect$$libshutdown$$00000006      0x080001ca   Section        0  libshutdown2.o(.ARM.Collect$$libshutdown$$00000006)
    .ARM.Collect$$libshutdown$$00000009      0x080001ca   Section        0  libshutdown2.o(.ARM.Collect$$libshutdown$$00000009)
    .ARM.Collect$$libshutdown$$0000000B      0x080001ca   Section        0  libshutdown2.o(.ARM.Collect$$libshutdown$$0000000B)
    .ARM.Collect$$libshutdown$$0000000E      0x080001ca   Section        0  libshutdown2.o(.ARM.Collect$$libshutdown$$0000000E)
    .ARM.Collect$$libshutdown$$0000000F      0x080001ca   Section        2  libshutdown2.o(.ARM.Collect$$libshutdown$$0000000F)
    .ARM.Collect$$rtentry$$00000000          0x080001cc   Section        0  rtentry.o(.ARM.Collect$$rtentry$$00000000)
    .ARM.Collect$$rtentry$$00000002          0x080001cc   Section        0  rtentry2.o(.ARM.Collect$$rtentry$$00000002)
    .ARM.Collect$$rtentry$$00000004          0x080001cc   Section        6  rtentry4.o(.ARM.Collect$$rtentry$$00000004)
    .ARM.Collect$$rtentry$$00000009          0x080001d2   Section        0  rtentry2.o(.ARM.Collect$$rtentry$$00000009)
    .ARM.Collect$$rtentry$$0000000A          0x080001d2   Section        4  rtentry2.o(.ARM.Collect$$rtentry$$0000000A)
    .ARM.Collect$$rtentry$$0000000C          0x080001d6   Section        0  rtentry2.o(.ARM.Collect$$rtentry$$0000000C)
    .ARM.Collect$$rtentry$$0000000D          0x080001d6   Section        8  rtentry2.o(.ARM.Collect$$rtentry$$0000000D)
    .ARM.Collect$$rtexit$$00000000           0x080001de   Section        2  rtexit.o(.ARM.Collect$$rtexit$$00000000)
    .ARM.Collect$$rtexit$$00000002           0x080001e0   Section        0  rtexit2.o(.ARM.Collect$$rtexit$$00000002)
    .ARM.Collect$$rtexit$$00000003           0x080001e0   Section        4  rtexit2.o(.ARM.Collect$$rtexit$$00000003)
    .ARM.Collect$$rtexit$$00000004           0x080001e4   Section        6  rtexit2.o(.ARM.Collect$$rtexit$$00000004)
    .text                                    0x080001ec   Section       64  startup_stm32f10x_cl.o(.text)
    .text                                    0x0800022c   Section        0  strstr.o(.text)
    .text                                    0x08000250   Section      138  rt_memcpy_v6.o(.text)
    .text                                    0x080002da   Section       68  rt_memclr.o(.text)
    .text                                    0x0800031e   Section        0  heapauxi.o(.text)
    .text                                    0x08000324   Section        0  _rserrno.o(.text)
    .text                                    0x0800033a   Section      100  rt_memcpy_w.o(.text)
    .text                                    0x0800039e   Section       78  rt_memclr_w.o(.text)
    .text                                    0x080003ec   Section        8  rt_errno_addr_intlibspace.o(.text)
    .text                                    0x080003f4   Section        8  libspace.o(.text)
    .text                                    0x080003fc   Section       74  sys_stackheap_outer.o(.text)
    .text                                    0x08000446   Section        0  exit.o(.text)
    .text                                    0x08000454   Section        0  sys_exit.o(.text)
    .text                                    0x08000460   Section        2  use_no_semi.o(.text)
    .text                                    0x08000462   Section        0  indicate_semi.o(.text)
    i.BD2GPS_Analysis                        0x08000462   Section        0  akq.o(i.BD2GPS_Analysis)
    i.BD2GPS_CheckSum                        0x0800049a   Section        0  akq.o(i.BD2GPS_CheckSum)
    i.BusFault_Handler                       0x080004c0   Section        0  stm32f10x_it.o(i.BusFault_Handler)
    i.CAN_Config                             0x080004c4   Section        0  can.o(i.CAN_Config)
    i.CAN_DeInit                             0x0800061c   Section        0  stm32f10x_can.o(i.CAN_DeInit)
    i.CAN_FilterInit                         0x08000654   Section        0  stm32f10x_can.o(i.CAN_FilterInit)
    i.CAN_Init                               0x0800075c   Section        0  stm32f10x_can.o(i.CAN_Init)
    i.CAN_StructInit                         0x08000870   Section        0  stm32f10x_can.o(i.CAN_StructInit)
    i.CAN_Transmit                           0x08000890   Section        0  stm32f10x_can.o(i.CAN_Transmit)
    i.DMA_Cmd                                0x080009b6   Section        0  stm32f10x_dma.o(i.DMA_Cmd)
    i.DMA_DeInit                             0x080009d0   Section        0  stm32f10x_dma.o(i.DMA_DeInit)
    i.DMA_Init                               0x08000b1c   Section        0  stm32f10x_dma.o(i.DMA_Init)
    i.DMA_SetCurrDataCounter                 0x08000b58   Section        0  stm32f10x_dma.o(i.DMA_SetCurrDataCounter)
    i.DMA_Tx_Config                          0x08000b5c   Section        0  dma.o(i.DMA_Tx_Config)
    i.DebugMon_Handler                       0x08000bae   Section        0  stm32f10x_it.o(i.DebugMon_Handler)
    i.GPIO_Init                              0x08000bb0   Section        0  stm32f10x_gpio.o(i.GPIO_Init)
    i.GPS_check                              0x08000cc2   Section        0  main.o(i.GPS_check)
    i.HardFault_Handler                      0x08000cdc   Section        0  stm32f10x_it.o(i.HardFault_Handler)
    i.MemManage_Handler                      0x08000ce0   Section        0  stm32f10x_it.o(i.MemManage_Handler)
    i.MyDMA_Enable                           0x08000ce4   Section        0  dma.o(i.MyDMA_Enable)
    i.NMEA_Comma_Pos                         0x08000d04   Section        0  akq.o(i.NMEA_Comma_Pos)
    i.NMEA_GNDHV_Analysis                    0x08000d30   Section        0  akq.o(i.NMEA_GNDHV_Analysis)
    i.NMEA_GNGGA_Analysis                    0x08000f50   Section        0  akq.o(i.NMEA_GNGGA_Analysis)
    i.NMEA_GNGSA_Analysis                    0x08000fd8   Section        0  akq.o(i.NMEA_GNGSA_Analysis)
    i.NMEA_GNRMC_Analysis                    0x08001084   Section        0  akq.o(i.NMEA_GNRMC_Analysis)
    i.NMEA_GNTXR_Analysis                    0x0800129c   Section        0  akq.o(i.NMEA_GNTXR_Analysis)
    i.NMEA_GNVTG_Analysis                    0x08001304   Section        0  akq.o(i.NMEA_GNVTG_Analysis)
    i.NMEA_Pow                               0x080013a4   Section        0  akq.o(i.NMEA_Pow)
    i.NMEA_Str2num                           0x080013bc   Section        0  akq.o(i.NMEA_Str2num)
    i.NMI_Handler                            0x080014ac   Section        0  stm32f10x_it.o(i.NMI_Handler)
    i.NVIC_Init                              0x080014b0   Section        0  misc.o(i.NVIC_Init)
    i.NVIC_PriorityGroupConfig               0x08001524   Section        0  misc.o(i.NVIC_PriorityGroupConfig)
    i.Nvic_Init                              0x08001538   Section        0  nvic.o(i.Nvic_Init)
    i.PendSV_Handler                         0x08001598   Section        0  stm32f10x_it.o(i.PendSV_Handler)
    i.RCC_AHBPeriphClockCmd                  0x0800159c   Section        0  stm32f10x_rcc.o(i.RCC_AHBPeriphClockCmd)
    i.RCC_APB1PeriphClockCmd                 0x080015bc   Section        0  stm32f10x_rcc.o(i.RCC_APB1PeriphClockCmd)
    i.RCC_APB1PeriphResetCmd                 0x080015dc   Section        0  stm32f10x_rcc.o(i.RCC_APB1PeriphResetCmd)
    i.RCC_APB2PeriphClockCmd                 0x080015fc   Section        0  stm32f10x_rcc.o(i.RCC_APB2PeriphClockCmd)
    i.RCC_APB2PeriphResetCmd                 0x0800161c   Section        0  stm32f10x_rcc.o(i.RCC_APB2PeriphResetCmd)
    i.RCC_GetClocksFreq                      0x0800163c   Section        0  stm32f10x_rcc.o(i.RCC_GetClocksFreq)
    i.SVC_Handler                            0x080017cc   Section        0  stm32f10x_it.o(i.SVC_Handler)
    i.SetSysClock                            0x080017ce   Section        0  system_stm32f10x.o(i.SetSysClock)
    SetSysClock                              0x080017cf   Thumb Code     8  system_stm32f10x.o(i.SetSysClock)
    i.SetSysClockTo72                        0x080017d8   Section        0  system_stm32f10x.o(i.SetSysClockTo72)
    SetSysClockTo72                          0x080017d9   Thumb Code   260  system_stm32f10x.o(i.SetSysClockTo72)
    i.SysTick_Handler                        0x080018ec   Section        0  stm32f10x_it.o(i.SysTick_Handler)
    i.SystemInit                             0x080018f0   Section        0  system_stm32f10x.o(i.SystemInit)
    i.TIM2_IRQHandler                        0x0800195c   Section        0  timer.o(i.TIM2_IRQHandler)
    i.TIM3_IRQHandler                        0x08001a10   Section        0  timer.o(i.TIM3_IRQHandler)
    i.TIM_ClearITPendingBit                  0x08001ab4   Section        0  stm32f10x_tim.o(i.TIM_ClearITPendingBit)
    i.TIM_Cmd                                0x08001aba   Section        0  stm32f10x_tim.o(i.TIM_Cmd)
    i.TIM_GetITStatus                        0x08001ad2   Section        0  stm32f10x_tim.o(i.TIM_GetITStatus)
    i.TIM_ITConfig                           0x08001af4   Section        0  stm32f10x_tim.o(i.TIM_ITConfig)
    i.TIM_TimeBaseInit                       0x08001b08   Section        0  stm32f10x_tim.o(i.TIM_TimeBaseInit)
    i.TQ                                     0x08001bac   Section        0  akq.o(i.TQ)
    i.Tim2_Init                              0x08001c6c   Section        0  timer.o(i.Tim2_Init)
    i.Tim3_Init                              0x08001cac   Section        0  timer.o(i.Tim3_Init)
    i.USART2_IRQHandler                      0x08001cf4   Section        0  usart2.o(i.USART2_IRQHandler)
    i.USART_ClearFlag                        0x08001d98   Section        0  stm32f10x_usart.o(i.USART_ClearFlag)
    i.USART_Cmd                              0x08001daa   Section        0  stm32f10x_usart.o(i.USART_Cmd)
    i.USART_DMACmd                           0x08001dc2   Section        0  stm32f10x_usart.o(i.USART_DMACmd)
    i.USART_DeInit                           0x08001dd4   Section        0  stm32f10x_usart.o(i.USART_DeInit)
    i.USART_GetFlagStatus                    0x08001e70   Section        0  stm32f10x_usart.o(i.USART_GetFlagStatus)
    i.USART_GetITStatus                      0x08001e8a   Section        0  stm32f10x_usart.o(i.USART_GetITStatus)
    i.USART_ITConfig                         0x08001ede   Section        0  stm32f10x_usart.o(i.USART_ITConfig)
    i.USART_Init                             0x08001f28   Section        0  stm32f10x_usart.o(i.USART_Init)
    i.USART_ReceiveData                      0x08002000   Section        0  stm32f10x_usart.o(i.USART_ReceiveData)
    i.UsageFault_Handler                     0x0800200a   Section        0  stm32f10x_it.o(i.UsageFault_Handler)
    i.Usart2_Init                            0x08002010   Section        0  usart2.o(i.Usart2_Init)
    i.Usart3_Init                            0x080020a8   Section        0  usart3.o(i.Usart3_Init)
    i.__ARM_fpclassify                       0x08002138   Section        0  fpclassify.o(i.__ARM_fpclassify)
    i.__ieee754_rem_pio2                     0x08002160   Section        0  rred.o(i.__ieee754_rem_pio2)
    i.__kernel_cos                           0x080024e8   Section        0  cos_i.o(i.__kernel_cos)
    i.__kernel_poly                          0x080025e4   Section        0  poly.o(i.__kernel_poly)
    i.__kernel_sin                           0x08002690   Section        0  sin_i.o(i.__kernel_sin)
    i.__mathlib_dbl_underflow                0x0800277c   Section        0  dunder.o(i.__mathlib_dbl_underflow)
    i.cos                                    0x0800278c   Section        0  cos.o(i.cos)
    i.main                                   0x08002838   Section        0  main.o(i.main)
    i.sendCANMsg                             0x080029d0   Section        0  timer.o(i.sendCANMsg)
    sendCANMsg                               0x080029d1   Thumb Code   582  timer.o(i.sendCANMsg)
    i.sin                                    0x08002c24   Section        0  sin.o(i.sin)
    i.zeroTxMsgData                          0x08002cd4   Section        0  timer.o(i.zeroTxMsgData)
    zeroTxMsgData                            0x08002cd5   Thumb Code    26  timer.o(i.zeroTxMsgData)
    x$fpl$dadd                               0x08002cf0   Section      336  daddsub_clz.o(x$fpl$dadd)
    _dadd1                                   0x08002d01   Thumb Code     0  daddsub_clz.o(x$fpl$dadd)
    x$fpl$dcheck1                            0x08002e40   Section       16  dcheck1.o(x$fpl$dcheck1)
    x$fpl$ddiv                               0x08002e50   Section      688  ddiv.o(x$fpl$ddiv)
    ddiv_entry                               0x08002e57   Thumb Code     0  ddiv.o(x$fpl$ddiv)
    x$fpl$dfix                               0x08003100   Section       94  dfix.o(x$fpl$dfix)
    x$fpl$dflt                               0x0800315e   Section       46  dflt_clz.o(x$fpl$dflt)
    x$fpl$dfltu                              0x0800318c   Section       38  dflt_clz.o(x$fpl$dfltu)
    x$fpl$dmul                               0x080031b4   Section      340  dmul.o(x$fpl$dmul)
    x$fpl$dnaninf                            0x08003308   Section      156  dnaninf.o(x$fpl$dnaninf)
    x$fpl$dretinf                            0x080033a4   Section       12  dretinf.o(x$fpl$dretinf)
    x$fpl$drsb                               0x080033b0   Section       22  daddsub_clz.o(x$fpl$drsb)
    x$fpl$dsub                               0x080033c8   Section      468  daddsub_clz.o(x$fpl$dsub)
    _dsub1                                   0x080033d9   Thumb Code     0  daddsub_clz.o(x$fpl$dsub)
    x$fpl$retnan                             0x0800359c   Section      100  retnan.o(x$fpl$retnan)
    x$fpl$scalbn                             0x08003600   Section       92  scalbn.o(x$fpl$scalbn)
    x$fpl$trapveneer                         0x0800365c   Section       48  trapv.o(x$fpl$trapveneer)
    x$fpl$usenofp                            0x0800368c   Section        0  usenofp.o(x$fpl$usenofp)
    .constdata                               0x08003690   Section       48  cos_i.o(.constdata)
    C                                        0x08003690   Data          48  cos_i.o(.constdata)
    .constdata                               0x080036c0   Section      200  rred.o(.constdata)
    pio2s                                    0x080036c0   Data          48  rred.o(.constdata)
    twooverpi                                0x080036f0   Data         152  rred.o(.constdata)
    .constdata                               0x08003788   Section       40  sin_i.o(.constdata)
    S                                        0x08003788   Data          40  sin_i.o(.constdata)
    .data                                    0x20000000   Section       20  stm32f10x_rcc.o(.data)
    APBAHBPrescTable                         0x20000000   Data          16  stm32f10x_rcc.o(.data)
    ADCPrescTable                            0x20000010   Data           4  stm32f10x_rcc.o(.data)
    .data                                    0x20000014   Section       20  main.o(.data)
    .data                                    0x20000028   Section        5  usart2.o(.data)
    .data                                    0x2000002d   Section        1  timer.o(.data)
    .data                                    0x2000002e   Section        8  akq.o(.data)
    .bss                                     0x20000038   Section      260  main.o(.bss)
    .bss                                     0x2000013c   Section     1000  usart2.o(.bss)
    .bss                                     0x20000524   Section       40  can.o(.bss)
    .bss                                     0x2000054c   Section       96  libspace.o(.bss)
    HEAP                                     0x200005b0   Section      512  startup_stm32f10x_cl.o(HEAP)
    Heap_Mem                                 0x200005b0   Data         512  startup_stm32f10x_cl.o(HEAP)
    STACK                                    0x200007b0   Section     1024  startup_stm32f10x_cl.o(STACK)
    Stack_Mem                                0x200007b0   Data        1024  startup_stm32f10x_cl.o(STACK)
    __initial_sp                             0x20000bb0   Data           0  startup_stm32f10x_cl.o(STACK)

    Global Symbols

    Symbol Name                              Value     Ov Type        Size  Object(Section)

    BuildAttributes$$THM_ISAv4$P$D$K$B$S$PE$A:L22UL41UL21$X:L11$S22US41US21$IEEE1$IW$USESV6$~STKCKD$USESV7$~SHL$OTIME$ROPI$IEEEX$EBA8$UX$STANDARDLIB$REQ8$PRES8$EABIv2 0x00000000   Number         0  anon$$obj.o ABSOLUTE
    __ARM_use_no_argv                        0x00000000   Number         0  main.o ABSOLUTE
    __ARM_exceptions_init                     - Undefined Weak Reference
    __alloca_initialize                       - Undefined Weak Reference
    __cpp_initialize__aeabi_                  - Undefined Weak Reference
    __cxa_finalize                            - Undefined Weak Reference
    __rt_locale                               - Undefined Weak Reference
    __sigvec_lookup                           - Undefined Weak Reference
    _atexit_init                              - Undefined Weak Reference
    _call_atexit_fns                          - Undefined Weak Reference
    _clock_init                               - Undefined Weak Reference
    _fp_trap_init                             - Undefined Weak Reference
    _fp_trap_shutdown                         - Undefined Weak Reference
    _get_lc_collate                           - Undefined Weak Reference
    _get_lc_ctype                             - Undefined Weak Reference
    _get_lc_monetary                          - Undefined Weak Reference
    _get_lc_numeric                           - Undefined Weak Reference
    _get_lc_time                              - Undefined Weak Reference
    _getenv_init                              - Undefined Weak Reference
    _handle_redirection                       - Undefined Weak Reference
    _init_alloc                               - Undefined Weak Reference
    _init_user_alloc                          - Undefined Weak Reference
    _initio                                   - Undefined Weak Reference
    _rand_init                                - Undefined Weak Reference
    _signal_finish                            - Undefined Weak Reference
    _signal_init                              - Undefined Weak Reference
    _terminate_alloc                          - Undefined Weak Reference
    _terminate_user_alloc                     - Undefined Weak Reference
    _terminateio                              - Undefined Weak Reference
    __Vectors_Size                           0x00000150   Number         0  startup_stm32f10x_cl.o ABSOLUTE
    __Vectors                                0x08000000   Data           4  startup_stm32f10x_cl.o(RESET)
    __Vectors_End                            0x08000150   Data           0  startup_stm32f10x_cl.o(RESET)
    __main                                   0x08000151   Thumb Code     8  __main.o(!!!main)
    __scatterload                            0x08000159   Thumb Code     0  __scatter.o(!!!scatter)
    __scatterload_rt2                        0x08000159   Thumb Code    44  __scatter.o(!!!scatter)
    __scatterload_rt2_thumb_only             0x08000159   Thumb Code     0  __scatter.o(!!!scatter)
    __scatterload_null                       0x08000167   Thumb Code     0  __scatter.o(!!!scatter)
    __scatterload_copy                       0x0800018d   Thumb Code    26  __scatter_copy.o(!!handler_copy)
    __scatterload_zeroinit                   0x080001a9   Thumb Code    28  __scatter_zi.o(!!handler_zi)
    __rt_lib_init                            0x080001c5   Thumb Code     0  libinit.o(.ARM.Collect$$libinit$$00000000)
    __rt_lib_init_alloca_1                   0x080001c7   Thumb Code     0  libinit2.o(.ARM.Collect$$libinit$$0000002C)
    __rt_lib_init_argv_1                     0x080001c7   Thumb Code     0  libinit2.o(.ARM.Collect$$libinit$$0000002A)
    __rt_lib_init_atexit_1                   0x080001c7   Thumb Code     0  libinit2.o(.ARM.Collect$$libinit$$00000019)
    __rt_lib_init_clock_1                    0x080001c7   Thumb Code     0  libinit2.o(.ARM.Collect$$libinit$$0000001F)
    __rt_lib_init_cpp_1                      0x080001c7   Thumb Code     0  libinit2.o(.ARM.Collect$$libinit$$00000030)
    __rt_lib_init_exceptions_1               0x080001c7   Thumb Code     0  libinit2.o(.ARM.Collect$$libinit$$0000002E)
    __rt_lib_init_fp_1                       0x080001c7   Thumb Code     0  libinit2.o(.ARM.Collect$$libinit$$00000002)
    __rt_lib_init_fp_trap_1                  0x080001c7   Thumb Code     0  libinit2.o(.ARM.Collect$$libinit$$0000001D)
    __rt_lib_init_getenv_1                   0x080001c7   Thumb Code     0  libinit2.o(.ARM.Collect$$libinit$$00000021)
    __rt_lib_init_heap_1                     0x080001c7   Thumb Code     0  libinit2.o(.ARM.Collect$$libinit$$00000008)
    __rt_lib_init_lc_collate_1               0x080001c7   Thumb Code     0  libinit2.o(.ARM.Collect$$libinit$$0000000F)
    __rt_lib_init_lc_ctype_1                 0x080001c7   Thumb Code     0  libinit2.o(.ARM.Collect$$libinit$$00000011)
    __rt_lib_init_lc_monetary_1              0x080001c7   Thumb Code     0  libinit2.o(.ARM.Collect$$libinit$$00000013)
    __rt_lib_init_lc_numeric_1               0x080001c7   Thumb Code     0  libinit2.o(.ARM.Collect$$libinit$$00000015)
    __rt_lib_init_lc_time_1                  0x080001c7   Thumb Code     0  libinit2.o(.ARM.Collect$$libinit$$00000017)
    __rt_lib_init_rand_1                     0x080001c7   Thumb Code     0  libinit2.o(.ARM.Collect$$libinit$$0000000C)
    __rt_lib_init_return                     0x080001c7   Thumb Code     0  libinit2.o(.ARM.Collect$$libinit$$00000031)
    __rt_lib_init_signal_1                   0x080001c7   Thumb Code     0  libinit2.o(.ARM.Collect$$libinit$$0000001B)
    __rt_lib_init_stdio_1                    0x080001c7   Thumb Code     0  libinit2.o(.ARM.Collect$$libinit$$00000023)
    __rt_lib_init_user_alloc_1               0x080001c7   Thumb Code     0  libinit2.o(.ARM.Collect$$libinit$$0000000A)
    __rt_lib_shutdown                        0x080001c9   Thumb Code     0  libshutdown.o(.ARM.Collect$$libshutdown$$00000000)
    __rt_lib_shutdown_fp_trap_1              0x080001cb   Thumb Code     0  libshutdown2.o(.ARM.Collect$$libshutdown$$00000006)
    __rt_lib_shutdown_heap_1                 0x080001cb   Thumb Code     0  libshutdown2.o(.ARM.Collect$$libshutdown$$0000000E)
    __rt_lib_shutdown_return                 0x080001cb   Thumb Code     0  libshutdown2.o(.ARM.Collect$$libshutdown$$0000000F)
    __rt_lib_shutdown_signal_1               0x080001cb   Thumb Code     0  libshutdown2.o(.ARM.Collect$$libshutdown$$00000009)
    __rt_lib_shutdown_stdio_1                0x080001cb   Thumb Code     0  libshutdown2.o(.ARM.Collect$$libshutdown$$00000003)
    __rt_lib_shutdown_user_alloc_1           0x080001cb   Thumb Code     0  libshutdown2.o(.ARM.Collect$$libshutdown$$0000000B)
    __rt_entry                               0x080001cd   Thumb Code     0  rtentry.o(.ARM.Collect$$rtentry$$00000000)
    __rt_entry_presh_1                       0x080001cd   Thumb Code     0  rtentry2.o(.ARM.Collect$$rtentry$$00000002)
    __rt_entry_sh                            0x080001cd   Thumb Code     0  rtentry4.o(.ARM.Collect$$rtentry$$00000004)
    __rt_entry_li                            0x080001d3   Thumb Code     0  rtentry2.o(.ARM.Collect$$rtentry$$0000000A)
    __rt_entry_postsh_1                      0x080001d3   Thumb Code     0  rtentry2.o(.ARM.Collect$$rtentry$$00000009)
    __rt_entry_main                          0x080001d7   Thumb Code     0  rtentry2.o(.ARM.Collect$$rtentry$$0000000D)
    __rt_entry_postli_1                      0x080001d7   Thumb Code     0  rtentry2.o(.ARM.Collect$$rtentry$$0000000C)
    __rt_exit                                0x080001df   Thumb Code     0  rtexit.o(.ARM.Collect$$rtexit$$00000000)
    __rt_exit_ls                             0x080001e1   Thumb Code     0  rtexit2.o(.ARM.Collect$$rtexit$$00000003)
    __rt_exit_prels_1                        0x080001e1   Thumb Code     0  rtexit2.o(.ARM.Collect$$rtexit$$00000002)
    __rt_exit_exit                           0x080001e5   Thumb Code     0  rtexit2.o(.ARM.Collect$$rtexit$$00000004)
    Reset_Handler                            0x080001ed   Thumb Code     8  startup_stm32f10x_cl.o(.text)
    ADC1_2_IRQHandler                        0x08000207   Thumb Code     0  startup_stm32f10x_cl.o(.text)
    CAN1_RX0_IRQHandler                      0x08000207   Thumb Code     0  startup_stm32f10x_cl.o(.text)
    CAN1_RX1_IRQHandler                      0x08000207   Thumb Code     0  startup_stm32f10x_cl.o(.text)
    CAN1_SCE_IRQHandler                      0x08000207   Thumb Code     0  startup_stm32f10x_cl.o(.text)
    CAN1_TX_IRQHandler                       0x08000207   Thumb Code     0  startup_stm32f10x_cl.o(.text)
    CAN2_RX0_IRQHandler                      0x08000207   Thumb Code     0  startup_stm32f10x_cl.o(.text)
    CAN2_RX1_IRQHandler                      0x08000207   Thumb Code     0  startup_stm32f10x_cl.o(.text)
    CAN2_SCE_IRQHandler                      0x08000207   Thumb Code     0  startup_stm32f10x_cl.o(.text)
    CAN2_TX_IRQHandler                       0x08000207   Thumb Code     0  startup_stm32f10x_cl.o(.text)
    DMA1_Channel1_IRQHandler                 0x08000207   Thumb Code     0  startup_stm32f10x_cl.o(.text)
    DMA1_Channel2_IRQHandler                 0x08000207   Thumb Code     0  startup_stm32f10x_cl.o(.text)
    DMA1_Channel3_IRQHandler                 0x08000207   Thumb Code     0  startup_stm32f10x_cl.o(.text)
    DMA1_Channel4_IRQHandler                 0x08000207   Thumb Code     0  startup_stm32f10x_cl.o(.text)
    DMA1_Channel5_IRQHandler                 0x08000207   Thumb Code     0  startup_stm32f10x_cl.o(.text)
    DMA1_Channel6_IRQHandler                 0x08000207   Thumb Code     0  startup_stm32f10x_cl.o(.text)
    DMA1_Channel7_IRQHandler                 0x08000207   Thumb Code     0  startup_stm32f10x_cl.o(.text)
    DMA2_Channel1_IRQHandler                 0x08000207   Thumb Code     0  startup_stm32f10x_cl.o(.text)
    DMA2_Channel2_IRQHandler                 0x08000207   Thumb Code     0  startup_stm32f10x_cl.o(.text)
    DMA2_Channel3_IRQHandler                 0x08000207   Thumb Code     0  startup_stm32f10x_cl.o(.text)
    DMA2_Channel4_IRQHandler                 0x08000207   Thumb Code     0  startup_stm32f10x_cl.o(.text)
    DMA2_Channel5_IRQHandler                 0x08000207   Thumb Code     0  startup_stm32f10x_cl.o(.text)
    ETH_IRQHandler                           0x08000207   Thumb Code     0  startup_stm32f10x_cl.o(.text)
    ETH_WKUP_IRQHandler                      0x08000207   Thumb Code     0  startup_stm32f10x_cl.o(.text)
    EXTI0_IRQHandler                         0x08000207   Thumb Code     0  startup_stm32f10x_cl.o(.text)
    EXTI15_10_IRQHandler                     0x08000207   Thumb Code     0  startup_stm32f10x_cl.o(.text)
    EXTI1_IRQHandler                         0x08000207   Thumb Code     0  startup_stm32f10x_cl.o(.text)
    EXTI2_IRQHandler                         0x08000207   Thumb Code     0  startup_stm32f10x_cl.o(.text)
    EXTI3_IRQHandler                         0x08000207   Thumb Code     0  startup_stm32f10x_cl.o(.text)
    EXTI4_IRQHandler                         0x08000207   Thumb Code     0  startup_stm32f10x_cl.o(.text)
    EXTI9_5_IRQHandler                       0x08000207   Thumb Code     0  startup_stm32f10x_cl.o(.text)
    FLASH_IRQHandler                         0x08000207   Thumb Code     0  startup_stm32f10x_cl.o(.text)
    I2C1_ER_IRQHandler                       0x08000207   Thumb Code     0  startup_stm32f10x_cl.o(.text)
    I2C1_EV_IRQHandler                       0x08000207   Thumb Code     0  startup_stm32f10x_cl.o(.text)
    I2C2_ER_IRQHandler                       0x08000207   Thumb Code     0  startup_stm32f10x_cl.o(.text)
    I2C2_EV_IRQHandler                       0x08000207   Thumb Code     0  startup_stm32f10x_cl.o(.text)
    OTG_FS_IRQHandler                        0x08000207   Thumb Code     0  startup_stm32f10x_cl.o(.text)
    OTG_FS_WKUP_IRQHandler                   0x08000207   Thumb Code     0  startup_stm32f10x_cl.o(.text)
    PVD_IRQHandler                           0x08000207   Thumb Code     0  startup_stm32f10x_cl.o(.text)
    RCC_IRQHandler                           0x08000207   Thumb Code     0  startup_stm32f10x_cl.o(.text)
    RTCAlarm_IRQHandler                      0x08000207   Thumb Code     0  startup_stm32f10x_cl.o(.text)
    RTC_IRQHandler                           0x08000207   Thumb Code     0  startup_stm32f10x_cl.o(.text)
    SPI1_IRQHandler                          0x08000207   Thumb Code     0  startup_stm32f10x_cl.o(.text)
    SPI2_IRQHandler                          0x08000207   Thumb Code     0  startup_stm32f10x_cl.o(.text)
    SPI3_IRQHandler                          0x08000207   Thumb Code     0  startup_stm32f10x_cl.o(.text)
    TAMPER_IRQHandler                        0x08000207   Thumb Code     0  startup_stm32f10x_cl.o(.text)
    TIM1_BRK_IRQHandler                      0x08000207   Thumb Code     0  startup_stm32f10x_cl.o(.text)
    TIM1_CC_IRQHandler                       0x08000207   Thumb Code     0  startup_stm32f10x_cl.o(.text)
    TIM1_TRG_COM_IRQHandler                  0x08000207   Thumb Code     0  startup_stm32f10x_cl.o(.text)
    TIM1_UP_IRQHandler                       0x08000207   Thumb Code     0  startup_stm32f10x_cl.o(.text)
    TIM4_IRQHandler                          0x08000207   Thumb Code     0  startup_stm32f10x_cl.o(.text)
    TIM5_IRQHandler                          0x08000207   Thumb Code     0  startup_stm32f10x_cl.o(.text)
    TIM6_IRQHandler                          0x08000207   Thumb Code     0  startup_stm32f10x_cl.o(.text)
    TIM7_IRQHandler                          0x08000207   Thumb Code     0  startup_stm32f10x_cl.o(.text)
    UART4_IRQHandler                         0x08000207   Thumb Code     0  startup_stm32f10x_cl.o(.text)
    UART5_IRQHandler                         0x08000207   Thumb Code     0  startup_stm32f10x_cl.o(.text)
    USART1_IRQHandler                        0x08000207   Thumb Code     0  startup_stm32f10x_cl.o(.text)
    USART3_IRQHandler                        0x08000207   Thumb Code     0  startup_stm32f10x_cl.o(.text)
    WWDG_IRQHandler                          0x08000207   Thumb Code     0  startup_stm32f10x_cl.o(.text)
    __user_initial_stackheap                 0x08000209   Thumb Code     0  startup_stm32f10x_cl.o(.text)
    strstr                                   0x0800022d   Thumb Code    36  strstr.o(.text)
    __aeabi_memcpy                           0x08000251   Thumb Code     0  rt_memcpy_v6.o(.text)
    __rt_memcpy                              0x08000251   Thumb Code   138  rt_memcpy_v6.o(.text)
    _memcpy_lastbytes                        0x080002b7   Thumb Code     0  rt_memcpy_v6.o(.text)
    __aeabi_memclr                           0x080002db   Thumb Code     0  rt_memclr.o(.text)
    __rt_memclr                              0x080002db   Thumb Code    68  rt_memclr.o(.text)
    _memset                                  0x080002df   Thumb Code     0  rt_memclr.o(.text)
    __use_two_region_memory                  0x0800031f   Thumb Code     2  heapauxi.o(.text)
    __rt_heap_escrow$2region                 0x08000321   Thumb Code     2  heapauxi.o(.text)
    __rt_heap_expand$2region                 0x08000323   Thumb Code     2  heapauxi.o(.text)
    __read_errno                             0x08000325   Thumb Code    10  _rserrno.o(.text)
    __set_errno                              0x0800032f   Thumb Code    12  _rserrno.o(.text)
    __aeabi_memcpy4                          0x0800033b   Thumb Code     0  rt_memcpy_w.o(.text)
    __aeabi_memcpy8                          0x0800033b   Thumb Code     0  rt_memcpy_w.o(.text)
    __rt_memcpy_w                            0x0800033b   Thumb Code   100  rt_memcpy_w.o(.text)
    _memcpy_lastbytes_aligned                0x08000383   Thumb Code     0  rt_memcpy_w.o(.text)
    __aeabi_memclr4                          0x0800039f   Thumb Code     0  rt_memclr_w.o(.text)
    __aeabi_memclr8                          0x0800039f   Thumb Code     0  rt_memclr_w.o(.text)
    __rt_memclr_w                            0x0800039f   Thumb Code    78  rt_memclr_w.o(.text)
    _memset_w                                0x080003a3   Thumb Code     0  rt_memclr_w.o(.text)
    __aeabi_errno_addr                       0x080003ed   Thumb Code     8  rt_errno_addr_intlibspace.o(.text)
    __errno$intlibspace                      0x080003ed   Thumb Code     0  rt_errno_addr_intlibspace.o(.text)
    __rt_errno_addr$intlibspace              0x080003ed   Thumb Code     0  rt_errno_addr_intlibspace.o(.text)
    __user_libspace                          0x080003f5   Thumb Code     8  libspace.o(.text)
    __user_perproc_libspace                  0x080003f5   Thumb Code     0  libspace.o(.text)
    __user_perthread_libspace                0x080003f5   Thumb Code     0  libspace.o(.text)
    __user_setup_stackheap                   0x080003fd   Thumb Code    74  sys_stackheap_outer.o(.text)
    exit                                     0x08000447   Thumb Code    12  exit.o(.text)
    _sys_exit                                0x08000455   Thumb Code     8  sys_exit.o(.text)
    __I$use$semihosting                      0x08000461   Thumb Code     0  use_no_semi.o(.text)
    __use_no_semihosting_swi                 0x08000461   Thumb Code     2  use_no_semi.o(.text)
    BD2GPS_Analysis                          0x08000463   Thumb Code    56  akq.o(i.BD2GPS_Analysis)
    __semihosting_library_function           0x08000463   Thumb Code     0  indicate_semi.o(.text)
    BD2GPS_CheckSum                          0x0800049b   Thumb Code    38  akq.o(i.BD2GPS_CheckSum)
    BusFault_Handler                         0x080004c1   Thumb Code     4  stm32f10x_it.o(i.BusFault_Handler)
    CAN_Config                               0x080004c5   Thumb Code   320  can.o(i.CAN_Config)
    CAN_DeInit                               0x0800061d   Thumb Code    50  stm32f10x_can.o(i.CAN_DeInit)
    CAN_FilterInit                           0x08000655   Thumb Code   258  stm32f10x_can.o(i.CAN_FilterInit)
    CAN_Init                                 0x0800075d   Thumb Code   276  stm32f10x_can.o(i.CAN_Init)
    CAN_StructInit                           0x08000871   Thumb Code    32  stm32f10x_can.o(i.CAN_StructInit)
    CAN_Transmit                             0x08000891   Thumb Code   294  stm32f10x_can.o(i.CAN_Transmit)
    DMA_Cmd                                  0x080009b7   Thumb Code    24  stm32f10x_dma.o(i.DMA_Cmd)
    DMA_DeInit                               0x080009d1   Thumb Code   324  stm32f10x_dma.o(i.DMA_DeInit)
    DMA_Init                                 0x08000b1d   Thumb Code    60  stm32f10x_dma.o(i.DMA_Init)
    DMA_SetCurrDataCounter                   0x08000b59   Thumb Code     4  stm32f10x_dma.o(i.DMA_SetCurrDataCounter)
    DMA_Tx_Config                            0x08000b5d   Thumb Code    82  dma.o(i.DMA_Tx_Config)
    DebugMon_Handler                         0x08000baf   Thumb Code     2  stm32f10x_it.o(i.DebugMon_Handler)
    GPIO_Init                                0x08000bb1   Thumb Code   274  stm32f10x_gpio.o(i.GPIO_Init)
    GPS_check                                0x08000cc3   Thumb Code    26  main.o(i.GPS_check)
    HardFault_Handler                        0x08000cdd   Thumb Code     4  stm32f10x_it.o(i.HardFault_Handler)
    MemManage_Handler                        0x08000ce1   Thumb Code     4  stm32f10x_it.o(i.MemManage_Handler)
    MyDMA_Enable                             0x08000ce5   Thumb Code    32  dma.o(i.MyDMA_Enable)
    NMEA_Comma_Pos                           0x08000d05   Thumb Code    44  akq.o(i.NMEA_Comma_Pos)
    NMEA_GNDHV_Analysis                      0x08000d31   Thumb Code   510  akq.o(i.NMEA_GNDHV_Analysis)
    NMEA_GNGGA_Analysis                      0x08000f51   Thumb Code   124  akq.o(i.NMEA_GNGGA_Analysis)
    NMEA_GNGSA_Analysis                      0x08000fd9   Thumb Code   152  akq.o(i.NMEA_GNGSA_Analysis)
    NMEA_GNRMC_Analysis                      0x08001085   Thumb Code   506  akq.o(i.NMEA_GNRMC_Analysis)
    NMEA_GNTXR_Analysis                      0x0800129d   Thumb Code    88  akq.o(i.NMEA_GNTXR_Analysis)
    NMEA_GNVTG_Analysis                      0x08001305   Thumb Code   146  akq.o(i.NMEA_GNVTG_Analysis)
    NMEA_Pow                                 0x080013a5   Thumb Code    22  akq.o(i.NMEA_Pow)
    NMEA_Str2num                             0x080013bd   Thumb Code   234  akq.o(i.NMEA_Str2num)
    NMI_Handler                              0x080014ad   Thumb Code     2  stm32f10x_it.o(i.NMI_Handler)
    NVIC_Init                                0x080014b1   Thumb Code   102  misc.o(i.NVIC_Init)
    NVIC_PriorityGroupConfig                 0x08001525   Thumb Code    10  misc.o(i.NVIC_PriorityGroupConfig)
    Nvic_Init                                0x08001539   Thumb Code    96  nvic.o(i.Nvic_Init)
    PendSV_Handler                           0x08001599   Thumb Code     2  stm32f10x_it.o(i.PendSV_Handler)
    RCC_AHBPeriphClockCmd                    0x0800159d   Thumb Code    26  stm32f10x_rcc.o(i.RCC_AHBPeriphClockCmd)
    RCC_APB1PeriphClockCmd                   0x080015bd   Thumb Code    26  stm32f10x_rcc.o(i.RCC_APB1PeriphClockCmd)
    RCC_APB1PeriphResetCmd                   0x080015dd   Thumb Code    26  stm32f10x_rcc.o(i.RCC_APB1PeriphResetCmd)
    RCC_APB2PeriphClockCmd                   0x080015fd   Thumb Code    26  stm32f10x_rcc.o(i.RCC_APB2PeriphClockCmd)
    RCC_APB2PeriphResetCmd                   0x0800161d   Thumb Code    26  stm32f10x_rcc.o(i.RCC_APB2PeriphResetCmd)
    RCC_GetClocksFreq                        0x0800163d   Thumb Code   374  stm32f10x_rcc.o(i.RCC_GetClocksFreq)
    SVC_Handler                              0x080017cd   Thumb Code     2  stm32f10x_it.o(i.SVC_Handler)
    SysTick_Handler                          0x080018ed   Thumb Code     2  stm32f10x_it.o(i.SysTick_Handler)
    SystemInit                               0x080018f1   Thumb Code    92  system_stm32f10x.o(i.SystemInit)
    TIM2_IRQHandler                          0x0800195d   Thumb Code   144  timer.o(i.TIM2_IRQHandler)
    TIM3_IRQHandler                          0x08001a11   Thumb Code   122  timer.o(i.TIM3_IRQHandler)
    TIM_ClearITPendingBit                    0x08001ab5   Thumb Code     6  stm32f10x_tim.o(i.TIM_ClearITPendingBit)
    TIM_Cmd                                  0x08001abb   Thumb Code    24  stm32f10x_tim.o(i.TIM_Cmd)
    TIM_GetITStatus                          0x08001ad3   Thumb Code    34  stm32f10x_tim.o(i.TIM_GetITStatus)
    TIM_ITConfig                             0x08001af5   Thumb Code    18  stm32f10x_tim.o(i.TIM_ITConfig)
    TIM_TimeBaseInit                         0x08001b09   Thumb Code   122  stm32f10x_tim.o(i.TIM_TimeBaseInit)
    TQ                                       0x08001bad   Thumb Code   192  akq.o(i.TQ)
    Tim2_Init                                0x08001c6d   Thumb Code    62  timer.o(i.Tim2_Init)
    Tim3_Init                                0x08001cad   Thumb Code    68  timer.o(i.Tim3_Init)
    USART2_IRQHandler                        0x08001cf5   Thumb Code   138  usart2.o(i.USART2_IRQHandler)
    USART_ClearFlag                          0x08001d99   Thumb Code    18  stm32f10x_usart.o(i.USART_ClearFlag)
    USART_Cmd                                0x08001dab   Thumb Code    24  stm32f10x_usart.o(i.USART_Cmd)
    USART_DMACmd                             0x08001dc3   Thumb Code    18  stm32f10x_usart.o(i.USART_DMACmd)
    USART_DeInit                             0x08001dd5   Thumb Code   134  stm32f10x_usart.o(i.USART_DeInit)
    USART_GetFlagStatus                      0x08001e71   Thumb Code    26  stm32f10x_usart.o(i.USART_GetFlagStatus)
    USART_GetITStatus                        0x08001e8b   Thumb Code    84  stm32f10x_usart.o(i.USART_GetITStatus)
    USART_ITConfig                           0x08001edf   Thumb Code    74  stm32f10x_usart.o(i.USART_ITConfig)
    USART_Init                               0x08001f29   Thumb Code   210  stm32f10x_usart.o(i.USART_Init)
    USART_ReceiveData                        0x08002001   Thumb Code    10  stm32f10x_usart.o(i.USART_ReceiveData)
    UsageFault_Handler                       0x0800200b   Thumb Code     4  stm32f10x_it.o(i.UsageFault_Handler)
    Usart2_Init                              0x08002011   Thumb Code   144  usart2.o(i.Usart2_Init)
    Usart3_Init                              0x080020a9   Thumb Code   134  usart3.o(i.Usart3_Init)
    __ARM_fpclassify                         0x08002139   Thumb Code    40  fpclassify.o(i.__ARM_fpclassify)
    __ieee754_rem_pio2                       0x08002161   Thumb Code   832  rred.o(i.__ieee754_rem_pio2)
    __kernel_cos                             0x080024e9   Thumb Code   230  cos_i.o(i.__kernel_cos)
    __kernel_poly                            0x080025e5   Thumb Code   170  poly.o(i.__kernel_poly)
    __kernel_sin                             0x08002691   Thumb Code   224  sin_i.o(i.__kernel_sin)
    __mathlib_dbl_underflow                  0x0800277d   Thumb Code    10  dunder.o(i.__mathlib_dbl_underflow)
    cos                                      0x0800278d   Thumb Code   164  cos.o(i.cos)
    main                                     0x08002839   Thumb Code   350  main.o(i.main)
    sin                                      0x08002c25   Thumb Code   166  sin.o(i.sin)
    __aeabi_dadd                             0x08002cf1   Thumb Code     0  daddsub_clz.o(x$fpl$dadd)
    _dadd                                    0x08002cf1   Thumb Code   332  daddsub_clz.o(x$fpl$dadd)
    __fpl_dcheck_NaN1                        0x08002e41   Thumb Code    10  dcheck1.o(x$fpl$dcheck1)
    __aeabi_ddiv                             0x08002e51   Thumb Code     0  ddiv.o(x$fpl$ddiv)
    _ddiv                                    0x08002e51   Thumb Code   552  ddiv.o(x$fpl$ddiv)
    __aeabi_d2iz                             0x08003101   Thumb Code     0  dfix.o(x$fpl$dfix)
    _dfix                                    0x08003101   Thumb Code    94  dfix.o(x$fpl$dfix)
    __aeabi_i2d                              0x0800315f   Thumb Code     0  dflt_clz.o(x$fpl$dflt)
    _dflt                                    0x0800315f   Thumb Code    46  dflt_clz.o(x$fpl$dflt)
    __aeabi_ui2d                             0x0800318d   Thumb Code     0  dflt_clz.o(x$fpl$dfltu)
    _dfltu                                   0x0800318d   Thumb Code    38  dflt_clz.o(x$fpl$dfltu)
    __aeabi_dmul                             0x080031b5   Thumb Code     0  dmul.o(x$fpl$dmul)
    _dmul                                    0x080031b5   Thumb Code   332  dmul.o(x$fpl$dmul)
    __fpl_dnaninf                            0x08003309   Thumb Code   156  dnaninf.o(x$fpl$dnaninf)
    __fpl_dretinf                            0x080033a5   Thumb Code    12  dretinf.o(x$fpl$dretinf)
    __aeabi_drsub                            0x080033b1   Thumb Code     0  daddsub_clz.o(x$fpl$drsb)
    _drsb                                    0x080033b1   Thumb Code    22  daddsub_clz.o(x$fpl$drsb)
    __aeabi_dsub                             0x080033c9   Thumb Code     0  daddsub_clz.o(x$fpl$dsub)
    _dsub                                    0x080033c9   Thumb Code   464  daddsub_clz.o(x$fpl$dsub)
    __fpl_return_NaN                         0x0800359d   Thumb Code   100  retnan.o(x$fpl$retnan)
    __ARM_scalbn                             0x08003601   Thumb Code    92  scalbn.o(x$fpl$scalbn)
    __fpl_cmpreturn                          0x0800365d   Thumb Code    48  trapv.o(x$fpl$trapveneer)
    __I$use$fp                               0x0800368c   Number         0  usenofp.o(x$fpl$usenofp)
    Region$$Table$$Base                      0x080037b0   Number         0  anon$$obj.o(Region$$Table)
    Region$$Table$$Limit                     0x080037d0   Number         0  anon$$obj.o(Region$$Table)
    i                                        0x20000014   Data           4  main.o(.data)
    j                                        0x20000018   Data           4  main.o(.data)
    gps_cksum                                0x2000001c   Data           1  main.o(.data)
    gps_cksum1                               0x2000001d   Data           1  main.o(.data)
    gps_flag                                 0x2000001e   Data           1  main.o(.data)
    gps_cnt                                  0x20000020   Data           4  main.o(.data)
    buf_cnt                                  0x20000024   Data           4  main.o(.data)
    u2_cnt                                   0x20000028   Data           4  usart2.o(.data)
    u2_flag                                  0x2000002c   Data           1  usart2.o(.data)
    CANFrameNum                              0x2000002d   Data           1  timer.o(.data)
    numbers1                                 0x2000002e   Data           1  akq.o(.data)
    numbers2                                 0x2000002f   Data           1  akq.o(.data)
    numcnt                                   0x20000030   Data           1  akq.o(.data)
    navstate_flag                            0x20000031   Data           1  akq.o(.data)
    bdtxr                                    0x20000032   Data           1  akq.o(.data)
    itxr                                     0x20000033   Data           1  akq.o(.data)
    CANpackMsNum                             0x20000034   Data           1  akq.o(.data)
    floatval                                 0x20000035   Data           1  akq.o(.data)
    akq                                      0x20000038   Data          30  main.o(.bss)
    sendmsg                                  0x20000056   Data          30  main.o(.bss)
    GPS_BUF                                  0x20000074   Data         200  main.o(.bss)
    USART2_RX_BUF                            0x2000013c   Data        1000  usart2.o(.bss)
    TxMessage01                              0x20000524   Data          20  can.o(.bss)
    TxMessage02                              0x20000538   Data          20  can.o(.bss)
    __libspace_start                         0x2000054c   Data          96  libspace.o(.bss)
    __temporary_stack_top$libspace           0x200005ac   Data           0  libspace.o(.bss)



==============================================================================

Memory Map of the image

  Image Entry point : 0x08000151

  Load Region LR_IROM1 (Base: 0x08000000, Size: 0x00003808, Max: 0x00040000, ABSOLUTE)

    Execution Region ER_IROM1 (Base: 0x08000000, Size: 0x000037d0, Max: 0x00040000, ABSOLUTE)

    Base Addr    Size         Type   Attr      Idx    E Section Name        Object

    0x08000000   0x00000150   Data   RO            3    RESET               startup_stm32f10x_cl.o
    0x08000150   0x00000008   Code   RO         1819  * !!!main             c_w.l(__main.o)
    0x08000158   0x00000034   Code   RO         2055    !!!scatter          c_w.l(__scatter.o)
    0x0800018c   0x0000001a   Code   RO         2057    !!handler_copy      c_w.l(__scatter_copy.o)
    0x080001a6   0x00000002   PAD
    0x080001a8   0x0000001c   Code   RO         2059    !!handler_zi        c_w.l(__scatter_zi.o)
    0x080001c4   0x00000002   Code   RO         1927    .ARM.Collect$$libinit$$00000000  c_w.l(libinit.o)
    0x080001c6   0x00000000   Code   RO         1933    .ARM.Collect$$libinit$$00000002  c_w.l(libinit2.o)
    0x080001c6   0x00000000   Code   RO         1936    .ARM.Collect$$libinit$$00000008  c_w.l(libinit2.o)
    0x080001c6   0x00000000   Code   RO         1938    .ARM.Collect$$libinit$$0000000A  c_w.l(libinit2.o)
    0x080001c6   0x00000000   Code   RO         1940    .ARM.Collect$$libinit$$0000000C  c_w.l(libinit2.o)
    0x080001c6   0x00000000   Code   RO         1943    .ARM.Collect$$libinit$$0000000F  c_w.l(libinit2.o)
    0x080001c6   0x00000000   Code   RO         1945    .ARM.Collect$$libinit$$00000011  c_w.l(libinit2.o)
    0x080001c6   0x00000000   Code   RO         1947    .ARM.Collect$$libinit$$00000013  c_w.l(libinit2.o)
    0x080001c6   0x00000000   Code   RO         1949    .ARM.Collect$$libinit$$00000015  c_w.l(libinit2.o)
    0x080001c6   0x00000000   Code   RO         1951    .ARM.Collect$$libinit$$00000017  c_w.l(libinit2.o)
    0x080001c6   0x00000000   Code   RO         1953    .ARM.Collect$$libinit$$00000019  c_w.l(libinit2.o)
    0x080001c6   0x00000000   Code   RO         1955    .ARM.Collect$$libinit$$0000001B  c_w.l(libinit2.o)
    0x080001c6   0x00000000   Code   RO         1957    .ARM.Collect$$libinit$$0000001D  c_w.l(libinit2.o)
    0x080001c6   0x00000000   Code   RO         1959    .ARM.Collect$$libinit$$0000001F  c_w.l(libinit2.o)
    0x080001c6   0x00000000   Code   RO         1961    .ARM.Collect$$libinit$$00000021  c_w.l(libinit2.o)
    0x080001c6   0x00000000   Code   RO         1963    .ARM.Collect$$libinit$$00000023  c_w.l(libinit2.o)
    0x080001c6   0x00000000   Code   RO         1967    .ARM.Collect$$libinit$$0000002A  c_w.l(libinit2.o)
    0x080001c6   0x00000000   Code   RO         1969    .ARM.Collect$$libinit$$0000002C  c_w.l(libinit2.o)
    0x080001c6   0x00000000   Code   RO         1971    .ARM.Collect$$libinit$$0000002E  c_w.l(libinit2.o)
    0x080001c6   0x00000000   Code   RO         1973    .ARM.Collect$$libinit$$00000030  c_w.l(libinit2.o)
    0x080001c6   0x00000002   Code   RO         1974    .ARM.Collect$$libinit$$00000031  c_w.l(libinit2.o)
    0x080001c8   0x00000002   Code   RO         1996    .ARM.Collect$$libshutdown$$00000000  c_w.l(libshutdown.o)
    0x080001ca   0x00000000   Code   RO         2010    .ARM.Collect$$libshutdown$$00000003  c_w.l(libshutdown2.o)
    0x080001ca   0x00000000   Code   RO         2013    .ARM.Collect$$libshutdown$$00000006  c_w.l(libshutdown2.o)
    0x080001ca   0x00000000   Code   RO         2016    .ARM.Collect$$libshutdown$$00000009  c_w.l(libshutdown2.o)
    0x080001ca   0x00000000   Code   RO         2018    .ARM.Collect$$libshutdown$$0000000B  c_w.l(libshutdown2.o)
    0x080001ca   0x00000000   Code   RO         2021    .ARM.Collect$$libshutdown$$0000000E  c_w.l(libshutdown2.o)
    0x080001ca   0x00000002   Code   RO         2022    .ARM.Collect$$libshutdown$$0000000F  c_w.l(libshutdown2.o)
    0x080001cc   0x00000000   Code   RO         1859    .ARM.Collect$$rtentry$$00000000  c_w.l(rtentry.o)
    0x080001cc   0x00000000   Code   RO         1888    .ARM.Collect$$rtentry$$00000002  c_w.l(rtentry2.o)
    0x080001cc   0x00000006   Code   RO         1900    .ARM.Collect$$rtentry$$00000004  c_w.l(rtentry4.o)
    0x080001d2   0x00000000   Code   RO         1890    .ARM.Collect$$rtentry$$00000009  c_w.l(rtentry2.o)
    0x080001d2   0x00000004   Code   RO         1891    .ARM.Collect$$rtentry$$0000000A  c_w.l(rtentry2.o)
    0x080001d6   0x00000000   Code   RO         1893    .ARM.Collect$$rtentry$$0000000C  c_w.l(rtentry2.o)
    0x080001d6   0x00000008   Code   RO         1894    .ARM.Collect$$rtentry$$0000000D  c_w.l(rtentry2.o)
    0x080001de   0x00000002   Code   RO         1930    .ARM.Collect$$rtexit$$00000000  c_w.l(rtexit.o)
    0x080001e0   0x00000000   Code   RO         1978    .ARM.Collect$$rtexit$$00000002  c_w.l(rtexit2.o)
    0x080001e0   0x00000004   Code   RO         1979    .ARM.Collect$$rtexit$$00000003  c_w.l(rtexit2.o)
    0x080001e4   0x00000006   Code   RO         1980    .ARM.Collect$$rtexit$$00000004  c_w.l(rtexit2.o)
    0x080001ea   0x00000002   PAD
    0x080001ec   0x00000040   Code   RO            4    .text               startup_stm32f10x_cl.o
    0x0800022c   0x00000024   Code   RO         1811    .text               c_w.l(strstr.o)
    0x08000250   0x0000008a   Code   RO         1813    .text               c_w.l(rt_memcpy_v6.o)
    0x080002da   0x00000044   Code   RO         1815    .text               c_w.l(rt_memclr.o)
    0x0800031e   0x00000006   Code   RO         1817    .text               c_w.l(heapauxi.o)
    0x08000324   0x00000016   Code   RO         1860    .text               c_w.l(_rserrno.o)
    0x0800033a   0x00000064   Code   RO         1862    .text               c_w.l(rt_memcpy_w.o)
    0x0800039e   0x0000004e   Code   RO         1864    .text               c_w.l(rt_memclr_w.o)
    0x080003ec   0x00000008   Code   RO         1905    .text               c_w.l(rt_errno_addr_intlibspace.o)
    0x080003f4   0x00000008   Code   RO         1915    .text               c_w.l(libspace.o)
    0x080003fc   0x0000004a   Code   RO         1918    .text               c_w.l(sys_stackheap_outer.o)
    0x08000446   0x0000000c   Code   RO         1920    .text               c_w.l(exit.o)
    0x08000452   0x00000002   PAD
    0x08000454   0x0000000c   Code   RO         1988    .text               c_w.l(sys_exit.o)
    0x08000460   0x00000002   Code   RO         1999    .text               c_w.l(use_no_semi.o)
    0x08000462   0x00000000   Code   RO         2001    .text               c_w.l(indicate_semi.o)
    0x08000462   0x00000038   Code   RO         1699    i.BD2GPS_Analysis   akq.o
    0x0800049a   0x00000026   Code   RO         1700    i.BD2GPS_CheckSum   akq.o
    0x080004c0   0x00000004   Code   RO         1512    i.BusFault_Handler  stm32f10x_it.o
    0x080004c4   0x00000158   Code   RO         1794    i.CAN_Config        can.o
    0x0800061c   0x00000038   Code   RO         1304    i.CAN_DeInit        stm32f10x_can.o
    0x08000654   0x00000108   Code   RO         1306    i.CAN_FilterInit    stm32f10x_can.o
    0x0800075c   0x00000114   Code   RO         1313    i.CAN_Init          stm32f10x_can.o
    0x08000870   0x00000020   Code   RO         1319    i.CAN_StructInit    stm32f10x_can.o
    0x08000890   0x00000126   Code   RO         1321    i.CAN_Transmit      stm32f10x_can.o
    0x080009b6   0x00000018   Code   RO          134    i.DMA_Cmd           stm32f10x_dma.o
    0x080009ce   0x00000002   PAD
    0x080009d0   0x0000014c   Code   RO          135    i.DMA_DeInit        stm32f10x_dma.o
    0x08000b1c   0x0000003c   Code   RO          140    i.DMA_Init          stm32f10x_dma.o
    0x08000b58   0x00000004   Code   RO          141    i.DMA_SetCurrDataCounter  stm32f10x_dma.o
    0x08000b5c   0x00000052   Code   RO         1681    i.DMA_Tx_Config     dma.o
    0x08000bae   0x00000002   Code   RO         1513    i.DebugMon_Handler  stm32f10x_it.o
    0x08000bb0   0x00000112   Code   RO          210    i.GPIO_Init         stm32f10x_gpio.o
    0x08000cc2   0x0000001a   Code   RO         1456    i.GPS_check         main.o
    0x08000cdc   0x00000004   Code   RO         1514    i.HardFault_Handler  stm32f10x_it.o
    0x08000ce0   0x00000004   Code   RO         1515    i.MemManage_Handler  stm32f10x_it.o
    0x08000ce4   0x00000020   Code   RO         1682    i.MyDMA_Enable      dma.o
    0x08000d04   0x0000002c   Code   RO         1701    i.NMEA_Comma_Pos    akq.o
    0x08000d30   0x00000220   Code   RO         1702    i.NMEA_GNDHV_Analysis  akq.o
    0x08000f50   0x00000088   Code   RO         1703    i.NMEA_GNGGA_Analysis  akq.o
    0x08000fd8   0x000000ac   Code   RO         1704    i.NMEA_GNGSA_Analysis  akq.o
    0x08001084   0x00000218   Code   RO         1705    i.NMEA_GNRMC_Analysis  akq.o
    0x0800129c   0x00000068   Code   RO         1706    i.NMEA_GNTXR_Analysis  akq.o
    0x08001304   0x000000a0   Code   RO         1707    i.NMEA_GNVTG_Analysis  akq.o
    0x080013a4   0x00000016   Code   RO         1709    i.NMEA_Pow          akq.o
    0x080013ba   0x00000002   PAD
    0x080013bc   0x000000f0   Code   RO         1710    i.NMEA_Str2num      akq.o
    0x080014ac   0x00000002   Code   RO         1516    i.NMI_Handler       stm32f10x_it.o
    0x080014ae   0x00000002   PAD
    0x080014b0   0x00000074   Code   RO           92    i.NVIC_Init         misc.o
    0x08001524   0x00000014   Code   RO           93    i.NVIC_PriorityGroupConfig  misc.o
    0x08001538   0x00000060   Code   RO         1669    i.Nvic_Init         nvic.o
    0x08001598   0x00000002   Code   RO         1517    i.PendSV_Handler    stm32f10x_it.o
    0x0800159a   0x00000002   PAD
    0x0800159c   0x00000020   Code   RO          319    i.RCC_AHBPeriphClockCmd  stm32f10x_rcc.o
    0x080015bc   0x00000020   Code   RO          321    i.RCC_APB1PeriphClockCmd  stm32f10x_rcc.o
    0x080015dc   0x00000020   Code   RO          322    i.RCC_APB1PeriphResetCmd  stm32f10x_rcc.o
    0x080015fc   0x00000020   Code   RO          323    i.RCC_APB2PeriphClockCmd  stm32f10x_rcc.o
    0x0800161c   0x00000020   Code   RO          324    i.RCC_APB2PeriphResetCmd  stm32f10x_rcc.o
    0x0800163c   0x00000190   Code   RO          331    i.RCC_GetClocksFreq  stm32f10x_rcc.o
    0x080017cc   0x00000002   Code   RO         1518    i.SVC_Handler       stm32f10x_it.o
    0x080017ce   0x00000008   Code   RO           24    i.SetSysClock       system_stm32f10x.o
    0x080017d6   0x00000002   PAD
    0x080017d8   0x00000114   Code   RO           25    i.SetSysClockTo72   system_stm32f10x.o
    0x080018ec   0x00000002   Code   RO         1519    i.SysTick_Handler   stm32f10x_it.o
    0x080018ee   0x00000002   PAD
    0x080018f0   0x0000006c   Code   RO           27    i.SystemInit        system_stm32f10x.o
    0x0800195c   0x000000b4   Code   RO         1625    i.TIM2_IRQHandler   timer.o
    0x08001a10   0x000000a4   Code   RO         1626    i.TIM3_IRQHandler   timer.o
    0x08001ab4   0x00000006   Code   RO          583    i.TIM_ClearITPendingBit  stm32f10x_tim.o
    0x08001aba   0x00000018   Code   RO          588    i.TIM_Cmd           stm32f10x_tim.o
    0x08001ad2   0x00000022   Code   RO          609    i.TIM_GetITStatus   stm32f10x_tim.o
    0x08001af4   0x00000012   Code   RO          613    i.TIM_ITConfig      stm32f10x_tim.o
    0x08001b06   0x00000002   PAD
    0x08001b08   0x000000a4   Code   RO          659    i.TIM_TimeBaseInit  stm32f10x_tim.o
    0x08001bac   0x000000c0   Code   RO         1711    i.TQ                akq.o
    0x08001c6c   0x0000003e   Code   RO         1627    i.Tim2_Init         timer.o
    0x08001caa   0x00000002   PAD
    0x08001cac   0x00000048   Code   RO         1628    i.Tim3_Init         timer.o
    0x08001cf4   0x000000a4   Code   RO         1587    i.USART2_IRQHandler  usart2.o
    0x08001d98   0x00000012   Code   RO         1120    i.USART_ClearFlag   stm32f10x_usart.o
    0x08001daa   0x00000018   Code   RO         1124    i.USART_Cmd         stm32f10x_usart.o
    0x08001dc2   0x00000012   Code   RO         1125    i.USART_DMACmd      stm32f10x_usart.o
    0x08001dd4   0x0000009c   Code   RO         1126    i.USART_DeInit      stm32f10x_usart.o
    0x08001e70   0x0000001a   Code   RO         1127    i.USART_GetFlagStatus  stm32f10x_usart.o
    0x08001e8a   0x00000054   Code   RO         1128    i.USART_GetITStatus  stm32f10x_usart.o
    0x08001ede   0x0000004a   Code   RO         1130    i.USART_ITConfig    stm32f10x_usart.o
    0x08001f28   0x000000d8   Code   RO         1131    i.USART_Init        stm32f10x_usart.o
    0x08002000   0x0000000a   Code   RO         1138    i.USART_ReceiveData  stm32f10x_usart.o
    0x0800200a   0x00000004   Code   RO         1520    i.UsageFault_Handler  stm32f10x_it.o
    0x0800200e   0x00000002   PAD
    0x08002010   0x00000098   Code   RO         1588    i.Usart2_Init       usart2.o
    0x080020a8   0x00000090   Code   RO         1575    i.Usart3_Init       usart3.o
    0x08002138   0x00000028   Code   RO         1911    i.__ARM_fpclassify  m_ws.l(fpclassify.o)
    0x08002160   0x00000388   Code   RO         1876    i.__ieee754_rem_pio2  m_ws.l(rred.o)
    0x080024e8   0x000000fc   Code   RO         1873    i.__kernel_cos      m_ws.l(cos_i.o)
    0x080025e4   0x000000aa   Code   RO         1913    i.__kernel_poly     m_ws.l(poly.o)
    0x0800268e   0x00000002   PAD
    0x08002690   0x000000ec   Code   RO         1881    i.__kernel_sin      m_ws.l(sin_i.o)
    0x0800277c   0x00000010   Code   RO         1909    i.__mathlib_dbl_underflow  m_ws.l(dunder.o)
    0x0800278c   0x000000ac   Code   RO         1844    i.cos               m_ws.l(cos.o)
    0x08002838   0x00000198   Code   RO         1457    i.main              main.o
    0x080029d0   0x00000254   Code   RO         1629    i.sendCANMsg        timer.o
    0x08002c24   0x000000b0   Code   RO         1852    i.sin               m_ws.l(sin.o)
    0x08002cd4   0x0000001a   Code   RO         1630    i.zeroTxMsgData     timer.o
    0x08002cee   0x00000002   PAD
    0x08002cf0   0x00000150   Code   RO         1821    x$fpl$dadd          fz_ws.l(daddsub_clz.o)
    0x08002e40   0x00000010   Code   RO         1907    x$fpl$dcheck1       fz_ws.l(dcheck1.o)
    0x08002e50   0x000002b0   Code   RO         1828    x$fpl$ddiv          fz_ws.l(ddiv.o)
    0x08003100   0x0000005e   Code   RO         1831    x$fpl$dfix          fz_ws.l(dfix.o)
    0x0800315e   0x0000002e   Code   RO         1836    x$fpl$dflt          fz_ws.l(dflt_clz.o)
    0x0800318c   0x00000026   Code   RO         1835    x$fpl$dfltu         fz_ws.l(dflt_clz.o)
    0x080031b2   0x00000002   PAD
    0x080031b4   0x00000154   Code   RO         1841    x$fpl$dmul          fz_ws.l(dmul.o)
    0x08003308   0x0000009c   Code   RO         1866    x$fpl$dnaninf       fz_ws.l(dnaninf.o)
    0x080033a4   0x0000000c   Code   RO         1868    x$fpl$dretinf       fz_ws.l(dretinf.o)
    0x080033b0   0x00000016   Code   RO         1822    x$fpl$drsb          fz_ws.l(daddsub_clz.o)
    0x080033c6   0x00000002   PAD
    0x080033c8   0x000001d4   Code   RO         1823    x$fpl$dsub          fz_ws.l(daddsub_clz.o)
    0x0800359c   0x00000064   Code   RO         1928    x$fpl$retnan        fz_ws.l(retnan.o)
    0x08003600   0x0000005c   Code   RO         1870    x$fpl$scalbn        fz_ws.l(scalbn.o)
    0x0800365c   0x00000030   Code   RO         1975    x$fpl$trapveneer    fz_ws.l(trapv.o)
    0x0800368c   0x00000000   Code   RO         1872    x$fpl$usenofp       fz_ws.l(usenofp.o)
    0x0800368c   0x00000004   PAD
    0x08003690   0x00000030   Data   RO         1874    .constdata          m_ws.l(cos_i.o)
    0x080036c0   0x000000c8   Data   RO         1878    .constdata          m_ws.l(rred.o)
    0x08003788   0x00000028   Data   RO         1882    .constdata          m_ws.l(sin_i.o)
    0x080037b0   0x00000020   Data   RO         2053    Region$$Table       anon$$obj.o


    Execution Region RW_IRAM1 (Base: 0x20000000, Size: 0x00000bb0, Max: 0x00010000, ABSOLUTE)

    Base Addr    Size         Type   Attr      Idx    E Section Name        Object

    0x20000000   0x00000014   Data   RW          359    .data               stm32f10x_rcc.o
    0x20000014   0x00000014   Data   RW         1459    .data               main.o
    0x20000028   0x00000005   Data   RW         1590    .data               usart2.o
    0x2000002d   0x00000001   Data   RW         1631    .data               timer.o
    0x2000002e   0x00000008   Data   RW         1712    .data               akq.o
    0x20000036   0x00000002   PAD
    0x20000038   0x00000104   Zero   RW         1458    .bss                main.o
    0x2000013c   0x000003e8   Zero   RW         1589    .bss                usart2.o
    0x20000524   0x00000028   Zero   RW         1795    .bss                can.o
    0x2000054c   0x00000060   Zero   RW         1916    .bss                c_w.l(libspace.o)
    0x200005ac   0x00000004   PAD
    0x200005b0   0x00000200   Zero   RW            2    HEAP                startup_stm32f10x_cl.o
    0x200007b0   0x00000400   Zero   RW            1    STACK               startup_stm32f10x_cl.o


==============================================================================

Image component sizes


      Code (inc. data)   RO Data    RW Data    ZI Data      Debug   Object Name

      2244        132          0          8          0      10024   akq.o
       344         24          0          0         40        895   can.o
         0          0          0          0          0       4212   core_cm3.o
       114          0          0          0          0       1303   dma.o
       434         58          0         20        260       2668   main.o
       136         24          0          0          0       1331   misc.o
        96          0          0          0          0        456   nvic.o
        64         26        336          0       1536        796   startup_stm32f10x_cl.o
       922         12          0          0          0       3757   stm32f10x_can.o
       420          8          0          0          0       3647   stm32f10x_dma.o
       274          0          0          0          0       1816   stm32f10x_gpio.o
        26          0          0          0          0       3266   stm32f10x_it.o
       560         56          0         20          0       6412   stm32f10x_rcc.o
       246         42          0          0          0       3134   stm32f10x_tim.o
       626         28          0          0          0       6644   stm32f10x_usart.o
       392         32          0          0          0     288753   system_stm32f10x.o
      1100         96          0          1          0       3689   timer.o
       316         34          0          5       1000       1607   usart2.o
       144         10          0          0          0        586   usart3.o

    ----------------------------------------------------------------------
      8478        582        368         56       2836     344996   Object Totals
         0          0         32          0          0          0   (incl. Generated)
        20          0          0          2          0          0   (incl. Padding)

    ----------------------------------------------------------------------

      Code (inc. data)   RO Data    RW Data    ZI Data      Debug   Library Member Name

         8          0          0          0          0         68   __main.o
        52          8          0          0          0          0   __scatter.o
        26          0          0          0          0          0   __scatter_copy.o
        28          0          0          0          0          0   __scatter_zi.o
        22          0          0          0          0        100   _rserrno.o
        12          0          0          0          0         72   exit.o
         6          0          0          0          0        152   heapauxi.o
         0          0          0          0          0          0   indicate_semi.o
         2          0          0          0          0          0   libinit.o
         2          0          0          0          0          0   libinit2.o
         2          0          0          0          0          0   libshutdown.o
         2          0          0          0          0          0   libshutdown2.o
         8          4          0          0         96         68   libspace.o
         8          4          0          0          0         68   rt_errno_addr_intlibspace.o
        68          0          0          0          0         68   rt_memclr.o
        78          0          0          0          0         80   rt_memclr_w.o
       138          0          0          0          0         68   rt_memcpy_v6.o
       100          0          0          0          0         80   rt_memcpy_w.o
         0          0          0          0          0          0   rtentry.o
        12          0          0          0          0          0   rtentry2.o
         6          0          0          0          0          0   rtentry4.o
         2          0          0          0          0          0   rtexit.o
        10          0          0          0          0          0   rtexit2.o
        36          0          0          0          0         80   strstr.o
        12          4          0          0          0         68   sys_exit.o
        74          0          0          0          0         80   sys_stackheap_outer.o
         2          0          0          0          0         68   use_no_semi.o
       826         16          0          0          0        348   daddsub_clz.o
        16          4          0          0          0         68   dcheck1.o
       688        140          0          0          0        208   ddiv.o
        94          4          0          0          0         92   dfix.o
        84          0          0          0          0        136   dflt_clz.o
       340         12          0          0          0        104   dmul.o
       156          4          0          0          0         92   dnaninf.o
        12          0          0          0          0         68   dretinf.o
       100          0          0          0          0         68   retnan.o
        92          0          0          0          0         68   scalbn.o
        48          0          0          0          0         68   trapv.o
         0          0          0          0          0          0   usenofp.o
       172          8          0          0          0        112   cos.o
       252         22         48          0          0        124   cos_i.o
        16          6          0          0          0         68   dunder.o
        40          0          0          0          0         68   fpclassify.o
       170          0          0          0          0         96   poly.o
       904         72        200          0          0        140   rred.o
       176         10          0          0          0        116   sin.o
       236         12         40          0          0        128   sin_i.o

    ----------------------------------------------------------------------
      5154        330        288          0        100       3292   Library Totals
        16          0          0          0          4          0   (incl. Padding)

    ----------------------------------------------------------------------

      Code (inc. data)   RO Data    RW Data    ZI Data      Debug   Library Name

       716         20          0          0         96       1120   c_w.l
      2456        180          0          0          0       1320   fz_ws.l
      1966        130        288          0          0        852   m_ws.l

    ----------------------------------------------------------------------
      5154        330        288          0        100       3292   Library Totals

    ----------------------------------------------------------------------

==============================================================================


      Code (inc. data)   RO Data    RW Data    ZI Data      Debug   

     13632        912        656         56       2936     342932   Grand Totals
     13632        912        656         56       2936     342932   ELF Image Totals
     13632        912        656         56          0          0   ROM Totals

==============================================================================

    Total RO  Size (Code + RO Data)                14288 (  13.95kB)
    Total RW  Size (RW Data + ZI Data)              2992 (   2.92kB)
    Total ROM Size (Code + RO Data + RW Data)      14344 (  14.01kB)

==============================================================================

